Component: ARM Compiler 5.06 update 1 (build 61) Tool: armlink [4d35a8]

==============================================================================

Section Cross References

    app_aep_profile.o(i.aep_thread_init) refers to thread.o(i.thread_os_register) for thread_os_register
    app_aep_profile.o(i.aep_thread_init) refers to os_soft_timer.o(i.soft_timer_register) for soft_timer_register
    app_aep_profile.o(i.aep_thread_init) refers to nb_thread.o(i.nb_register_syn_ack) for nb_register_syn_ack
    app_aep_profile.o(i.aep_thread_init) refers to tinyprintf.o(i.ty_printf) for ty_printf
    app_aep_profile.o(i.aep_thread_init) refers to app_aep_profile.o(.data) for .data
    app_aep_profile.o(i.aep_thread_init) refers to app_aep_profile.o(i.nb_timer_cb) for nb_timer_cb
    app_aep_profile.o(i.aep_thread_init) refers to app_aep_profile.o(i.send_data_asy_callback) for send_data_asy_callback
    app_aep_profile.o(i.decode_aep_data) refers to aepservicecodes.o(i.decodeCmdDownFromStr) for decodeCmdDownFromStr
    app_aep_profile.o(i.decode_aep_data) refers to strcmp.o(.text) for strcmp
    app_aep_profile.o(i.decode_aep_data) refers to tinyprintf.o(i.ty_printf) for ty_printf
    app_aep_profile.o(i.decode_aep_data) refers to bsp.o(i.setStatus) for setStatus
    app_aep_profile.o(i.decode_aep_data) refers to aepservicecodes.o(i.codeDataReportByIdentifierToStr) for codeDataReportByIdentifierToStr
    app_aep_profile.o(i.decode_aep_data) refers to app_aep_profile.o(i.send_msg) for send_msg
    app_aep_profile.o(i.decode_aep_data) refers to os_soft_timer.o(i.soft_timer_stop) for soft_timer_stop
    app_aep_profile.o(i.decode_aep_data) refers to os_soft_timer.o(i.soft_timer_start) for soft_timer_start
    app_aep_profile.o(i.decode_aep_data) refers to malloc.o(i.free) for free
    app_aep_profile.o(i.decode_aep_data) refers to bsp.o(i.PA1_output_value_LOW) for PA1_output_value_LOW
    app_aep_profile.o(i.decode_aep_data) refers to bsp.o(i.PA1_output_value_HIGH) for PA1_output_value_HIGH
    app_aep_profile.o(i.decode_aep_data) refers to bsp.o(i.PB8_output_value_LOW) for PB8_output_value_LOW
    app_aep_profile.o(i.decode_aep_data) refers to bsp.o(i.PB8_output_value_HIGH) for PB8_output_value_HIGH
    app_aep_profile.o(i.decode_aep_data) refers to app_aep_profile.o(.data) for .data
    app_aep_profile.o(i.nb_timer_cb) refers to bsp.o(i.getStatus) for getStatus
    app_aep_profile.o(i.nb_timer_cb) refers to fmul.o(.text) for __aeabi_fmul
    app_aep_profile.o(i.nb_timer_cb) refers to ffixi.o(.text) for __aeabi_f2iz
    app_aep_profile.o(i.nb_timer_cb) refers to fflti.o(.text) for __aeabi_i2f
    app_aep_profile.o(i.nb_timer_cb) refers to fdiv.o(.text) for __aeabi_fdiv
    app_aep_profile.o(i.nb_timer_cb) refers to ffltui.o(.text) for __aeabi_ui2f
    app_aep_profile.o(i.nb_timer_cb) refers to aepservicecodes.o(i.codeDataReportByIdentifierToStr) for codeDataReportByIdentifierToStr
    app_aep_profile.o(i.nb_timer_cb) refers to tinyprintf.o(i.ty_printf) for ty_printf
    app_aep_profile.o(i.nb_timer_cb) refers to app_aep_profile.o(i.send_msg) for send_msg
    app_aep_profile.o(i.nb_timer_cb) refers to malloc.o(i.free) for free
    app_aep_profile.o(i.nb_timer_cb) refers to os_soft_timer.o(i.soft_timer_start) for soft_timer_start
    app_aep_profile.o(i.nb_timer_cb) refers to app_aep_profile.o(.bss) for .bss
    app_aep_profile.o(i.nb_timer_cb) refers to app_aep_profile.o(.data) for .data
    app_aep_profile.o(i.process_thread_app_process) refers to bsp.o(i.getStatus) for getStatus
    app_aep_profile.o(i.process_thread_app_process) refers to bsp.o(i.setStatus) for setStatus
    app_aep_profile.o(i.process_thread_app_process) refers to os_time.o(i.os_time_get_timetick) for os_time_get_timetick
    app_aep_profile.o(i.process_thread_app_process) refers to tinyprintf.o(i.ty_printf) for ty_printf
    app_aep_profile.o(i.process_thread_app_process) refers to app_aep_profile.o(i.send_sensor_data) for send_sensor_data
    app_aep_profile.o(i.process_thread_app_process) refers to app_aep_profile.o(i.send_temp_data) for send_temp_data
    app_aep_profile.o(i.process_thread_app_process) refers to app_aep_profile.o(i.send_hygi_data) for send_hygi_data
    app_aep_profile.o(i.process_thread_app_process) refers to app_aep_profile.o(i.send_paper_data) for send_paper_data
    app_aep_profile.o(i.process_thread_app_process) refers to app_aep_profile.o(i.send_toilet1_data) for send_toilet1_data
    app_aep_profile.o(i.process_thread_app_process) refers to app_aep_profile.o(i.send_toilet2_data) for send_toilet2_data
    app_aep_profile.o(i.process_thread_app_process) refers to app_aep_profile.o(i.send_toilet3_data) for send_toilet3_data
    app_aep_profile.o(i.process_thread_app_process) refers to app_aep_profile.o(.bss) for .bss
    app_aep_profile.o(i.process_thread_app_process) refers to app_aep_profile.o(.data) for .data
    app_aep_profile.o(i.send_data_asy_callback) refers to tinyprintf.o(i.ty_printf) for ty_printf
[...]
    nb_init_process                          0x200005b0   Data          32  nb_thread.o(.data)
    nb_recvdata_process                      0x200005d0   Data          32  nb_thread.o(.data)
    .data                                    0x2000060c   Section        2  led.o(.data)
    led0_status                              0x2000060c   Data           1  led.o(.data)
    led1_status                              0x2000060d   Data           1  led.o(.data)
    .data                                    0x2000060e   Section        1  motor.o(.data)
    motor_status                             0x2000060e   Data           1  motor.o(.data)
    .data                                    0x20000610   Section       24  hts221.o(.data)
    .data                                    0x20000628   Section       12  app_uart.o(.data)
    reg_flag                                 0x20000628   Data           1  app_uart.o(.data)
    m_fifo                                   0x2000062c   Data           4  app_uart.o(.data)
    uart_time_obj                            0x20000630   Data           4  app_uart.o(.data)
    .data                                    0x20000634   Section        1  log_uart.o(.data)
    log_uart_flag                            0x20000634   Data           1  log_uart.o(.data)
    .data                                    0x20000635   Section        1  util.o(.data)
    .data                                    0x20000638   Section        8  flexshell.o(.data)
    shell_recv_len                           0x20000638   Data           1  flexshell.o(.data)
    shell_read_cb                            0x2000063c   Data           4  flexshell.o(.data)
    .data                                    0x20000640   Section       32  flexshell_port.o(.data)
    FlexShell_process                        0x20000640   Data          32  flexshell_port.o(.data)
    .data                                    0x20000660   Section        4  tinyprintf.o(.data)
    .data                                    0x20000664   Section        8  thread.o(.data)
    thread_id                                0x20000664   Data           4  thread.o(.data)
    .data                                    0x2000066c   Section       12  os_core.o(.data)
    .data                                    0x20000678   Section       32  os_soft_timer.o(.data)
    thread_timer_process                     0x20000678   Data          32  os_soft_timer.o(.data)
    .data                                    0x20000698   Section        4  os_time.o(.data)
    timetick                                 0x20000698   Data           4  os_time.o(.data)
    .data                                    0x2000069c   Section       12  stm32f1xx_hal.o(.data)
    .data                                    0x200006a8   Section        4  system_stm32f1xx.o(.data)
    .data                                    0x200006ac   Section        4  stdout.o(.data)
    .data                                    0x200006b0   Section        4  mvars.o(.data)
    .data                                    0x200006b4   Section        4  mvars.o(.data)
    .data                                    0x200006b8   Section        4  errno.o(.data)
    _errno                                   0x200006b8   Data           4  errno.o(.data)
    FlexShellSection                         0x200006bc   Section      160  flexshellsys.o(FlexShellSection)
    __tagsym$$used                           0x200006bc   Number         0  flexshellsys.o(FlexShellSection)
    help_cmd                                 0x200006bc   Data          16  flexshellsys.o(FlexShellSection)
    __tagsym$$used                           0x200006cc   Number         0  flexshellsys.o(FlexShellSection)
    help_cmd2                                0x200006cc   Data          16  flexshellsys.o(FlexShellSection)
    __tagsym$$used                           0x200006dc   Number         0  flexshellsys.o(FlexShellSection)
    sys_reset_cmd                            0x200006dc   Data          16  flexshellsys.o(FlexShellSection)
    __tagsym$$used                           0x200006ec   Number         0  flexshellsys.o(FlexShellSection)
    ps_cmd                                   0x200006ec   Data          16  flexshellsys.o(FlexShellSection)
    __tagsym$$used                           0x200006fc   Number         0  flexshellsys.o(FlexShellSection)
    suspend_cmd                              0x200006fc   Data          16  flexshellsys.o(FlexShellSection)
    __tagsym$$used                           0x2000070c   Number         0  flexshellsys.o(FlexShellSection)
    resume_cmd                               0x2000070c   Data          16  flexshellsys.o(FlexShellSection)
    __tagsym$$used                           0x2000071c   Number         0  flexshellsys.o(FlexShellSection)
    restart_cmd                              0x2000071c   Data          16  flexshellsys.o(FlexShellSection)
    __tagsym$$used                           0x2000072c   Number         0  flexshellsys.o(FlexShellSection)
    clear_cmd                                0x2000072c   Data          16  flexshellsys.o(FlexShellSection)
    SetTime_cmd                              0x2000073c   Data          16  flexshellsys.o(FlexShellSection)
    __tagsym$$used                           0x2000073c   Number         0  flexshellsys.o(FlexShellSection)
    __tagsym$$used                           0x2000074c   Number         0  flexshellsys.o(FlexShellSection)
    getTime_cmd                              0x2000074c   Data          16  flexshellsys.o(FlexShellSection)
    FlexShellSection                         0x2000075c   Section      128  flexshelluser.o(FlexShellSection)
    __tagsym$$used                           0x2000075c   Number         0  flexshelluser.o(FlexShellSection)
    led_cmd                                  0x2000075c   Data          16  flexshelluser.o(FlexShellSection)
    __tagsym$$used                           0x2000076c   Number         0  flexshelluser.o(FlexShellSection)
    motor_cmd                                0x2000076c   Data          16  flexshelluser.o(FlexShellSection)
    __tagsym$$used                           0x2000077c   Number         0  flexshelluser.o(FlexShellSection)
    infrared_cmd                             0x2000077c   Data          16  flexshelluser.o(FlexShellSection)
    __tagsym$$used                           0x2000078c   Number         0  flexshelluser.o(FlexShellSection)
    humitemp_cmd                             0x2000078c   Data          16  flexshelluser.o(FlexShellSection)
    __tagsym$$used                           0x2000079c   Number         0  flexshelluser.o(FlexShellSection)
    fifo_cmd                                 0x2000079c   Data          16  flexshelluser.o(FlexShellSection)
    __tagsym$$used                           0x200007ac   Number         0  flexshelluser.o(FlexShellSection)
    at_cmd                                   0x200007ac   Data          16  flexshelluser.o(FlexShellSection)
    __tagsym$$used                           0x200007bc   Number         0  flexshelluser.o(FlexShellSection)
    board_cmd                                0x200007bc   Data          16  flexshelluser.o(FlexShellSection)
    __tagsym$$used                           0x200007cc   Number         0  flexshelluser.o(FlexShellSection)
    module_cmd                               0x200007cc   Data          16  flexshelluser.o(FlexShellSection)
    .bss                                     0x200007dc   Section       12  app_aep_profile.o(.bss)
    BSP_status                               0x200007dc   Data          12  app_aep_profile.o(.bss)
    .bss                                     0x200007e8   Section       40  bc28_thread.o(.bss)
    BC28_recv_event                          0x200007fc   Data          20  bc28_thread.o(.bss)
    .bss                                     0x20000810   Section     2192  nb_thread.o(.bss)
    recv_buf                                 0x20000810   Data        1024  nb_thread.o(.bss)
    m_args_data                              0x20000c10   Data          84  nb_thread.o(.bss)
    recv_fifo_buff                           0x20000c64   Data        1024  nb_thread.o(.bss)
    recv_fifo                                0x20001064   Data          20  nb_thread.o(.bss)
    .bss                                     0x200010a0   Section       20  nb_thread.o(.bss)
    .bss                                     0x200010b4   Section       25  nb_thread.o(.bss)
    .bss                                     0x200010d0   Section      336  app_uart.o(.bss)
    m_huart                                  0x200011d0   Data          64  app_uart.o(.bss)
    current_buf                              0x20001210   Data          16  app_uart.o(.bss)
    .bss                                     0x20001220   Section      196  log_uart.o(.bss)
    m_huart                                  0x20001220   Data          64  log_uart.o(.bss)
    log_uart_buf                             0x20001260   Data         132  log_uart.o(.bss)
    .bss                                     0x200012e4   Section      512  flexshell.o(.bss)
    shell_recv_buf                           0x200012e4   Data         512  flexshell.o(.bss)
    .bss                                     0x200014e4   Section       52  flexshelluser.o(.bss)
    test_buf                                 0x200014e4   Data          32  flexshelluser.o(.bss)
    m_fifo_ram                               0x20001504   Data          20  flexshelluser.o(.bss)
    .bss                                     0x20001518   Section      524  os_soft_timer.o(.bss)
    .bss                                     0x20001724   Section       84  main.o(.bss)
    .bss                                     0x20001778   Section       44  localtime.o(.bss)
    _tms                                     0x20001778   Data          44  localtime.o(.bss)
    .bss                                     0x200017a4   Section       26  asctime.o(.bss)
    result                                   0x200017a4   Data          26  asctime.o(.bss)
    HEAP                                     0x200017c0   Section      512  startup_stm32f103xb.o(HEAP)
    STACK                                    0x200019c0   Section     1024  startup_stm32f103xb.o(STACK)

    Global Symbols

    Symbol Name                              Value     Ov Type        Size  Object(Section)

    BuildAttributes$$THM_ISAv4$P$D$K$B$S$PE$A:L22UL41UL21$X:L11$S22US41US21$IEEE1$IW$USESV6$~STKCKD$USESV7$~SHL$OTIME$ROPI$EBA8$MICROLIB$REQ8$PRES8$EABIv2 0x00000000   Number         0  anon$$obj.o ABSOLUTE
    __ARM_use_no_argv                        0x00000000   Number         0  main.o ABSOLUTE
    _printf_a                                0x00000000   Number         0  stubs.o ABSOLUTE
    _printf_c                                0x00000000   Number         0  stubs.o ABSOLUTE
    _printf_charcount                        0x00000000   Number         0  stubs.o ABSOLUTE
    _printf_d                                0x00000000   Number         0  stubs.o ABSOLUTE
    _printf_e                                0x00000000   Number         0  stubs.o ABSOLUTE
    _printf_f                                0x00000000   Number         0  stubs.o ABSOLUTE
    _printf_flags                            0x00000000   Number         0  stubs.o ABSOLUTE
    _printf_fp_dec                           0x00000000   Number         0  stubs.o ABSOLUTE
    _printf_fp_hex                           0x00000000   Number         0  stubs.o ABSOLUTE
    _printf_g                                0x00000000   Number         0  stubs.o ABSOLUTE
    _printf_i                                0x00000000   Number         0  stubs.o ABSOLUTE
    _printf_int_dec                          0x00000000   Number         0  stubs.o ABSOLUTE
    _printf_l                                0x00000000   Number         0  stubs.o ABSOLUTE
    _printf_lc                               0x00000000   Number         0  stubs.o ABSOLUTE
    _printf_ll                               0x00000000   Number         0  stubs.o ABSOLUTE
    _printf_lld                              0x00000000   Number         0  stubs.o ABSOLUTE
    _printf_lli                              0x00000000   Number         0  stubs.o ABSOLUTE
    _printf_llo                              0x00000000   Number         0  stubs.o ABSOLUTE
    _printf_llu                              0x00000000   Number         0  stubs.o ABSOLUTE
    _printf_llx                              0x00000000   Number         0  stubs.o ABSOLUTE
    _printf_longlong_dec                     0x00000000   Number         0  stubs.o ABSOLUTE
    _printf_longlong_hex                     0x00000000   Number         0  stubs.o ABSOLUTE
    _printf_longlong_oct                     0x00000000   Number         0  stubs.o ABSOLUTE
    _printf_ls                               0x00000000   Number         0  stubs.o ABSOLUTE
    _printf_mbtowc                           0x00000000   Number         0  stubs.o ABSOLUTE
    _printf_n                                0x00000000   Number         0  stubs.o ABSOLUTE
    _printf_o                                0x00000000   Number         0  stubs.o ABSOLUTE
    _printf_p                                0x00000000   Number         0  stubs.o ABSOLUTE
    _printf_percent                          0x00000000   Number         0  stubs.o ABSOLUTE
    _printf_pre_padding                      0x00000000   Number         0  stubs.o ABSOLUTE
    _printf_return_value                     0x00000000   Number         0  stubs.o ABSOLUTE
    _printf_s                                0x00000000   Number         0  stubs.o ABSOLUTE
    _printf_sizespec                         0x00000000   Number         0  stubs.o ABSOLUTE
    _printf_str                              0x00000000   Number         0  stubs.o ABSOLUTE
    _printf_truncate_signed                  0x00000000   Number         0  stubs.o ABSOLUTE
    _printf_truncate_unsigned                0x00000000   Number         0  stubs.o ABSOLUTE
    _printf_u                                0x00000000   Number         0  stubs.o ABSOLUTE
    _printf_wc                               0x00000000   Number         0  stubs.o ABSOLUTE
    _printf_wctomb                           0x00000000   Number         0  stubs.o ABSOLUTE
    _printf_widthprec                        0x00000000   Number         0  stubs.o ABSOLUTE
    _printf_x                                0x00000000   Number         0  stubs.o ABSOLUTE
    __cpp_initialize__aeabi_                  - Undefined Weak Reference
    __cxa_finalize                            - Undefined Weak Reference
    _clock_init                               - Undefined Weak Reference
    _microlib_exit                            - Undefined Weak Reference
    __Vectors_Size                           0x000000ec   Number         0  startup_stm32f103xb.o ABSOLUTE
    __Vectors                                0x08000000   Data           4  startup_stm32f103xb.o(RESET)
    __Vectors_End                            0x080000ec   Data           0  startup_stm32f103xb.o(RESET)
    __main                                   0x080000ed   Thumb Code     0  entry.o(.ARM.Collect$$$$00000000)
    _main_stk                                0x080000ed   Thumb Code     0  entry2.o(.ARM.Collect$$$$00000001)
    _main_scatterload                        0x080000f1   Thumb Code     0  entry5.o(.ARM.Collect$$$$00000004)
    __main_after_scatterload                 0x080000f5   Thumb Code     0  entry5.o(.ARM.Collect$$$$00000004)
    _main_clock                              0x080000f5   Thumb Code     0  entry7b.o(.ARM.Collect$$$$00000008)
    _main_cpp_init                           0x080000f5   Thumb Code     0  entry8b.o(.ARM.Collect$$$$0000000A)
    _main_init                               0x080000f5   Thumb Code     0  entry9a.o(.ARM.Collect$$$$0000000B)
    __rt_final_cpp                           0x080000fd   Thumb Code     0  entry10a.o(.ARM.Collect$$$$0000000D)
    __rt_final_exit                          0x080000fd   Thumb Code     0  entry11a.o(.ARM.Collect$$$$0000000F)
    Reset_Handler                            0x08000101   Thumb Code     8  startup_stm32f103xb.o(.text)
    ADC1_2_IRQHandler                        0x0800011b   Thumb Code     0  startup_stm32f103xb.o(.text)
    CAN1_RX1_IRQHandler                      0x0800011b   Thumb Code     0  startup_stm32f103xb.o(.text)
    CAN1_SCE_IRQHandler                      0x0800011b   Thumb Code     0  startup_stm32f103xb.o(.text)
    DMA1_Channel1_IRQHandler                 0x0800011b   Thumb Code     0  startup_stm32f103xb.o(.text)
    DMA1_Channel2_IRQHandler                 0x0800011b   Thumb Code     0  startup_stm32f103xb.o(.text)
    DMA1_Channel3_IRQHandler                 0x0800011b   Thumb Code     0  startup_stm32f103xb.o(.text)
    DMA1_Channel4_IRQHandler                 0x0800011b   Thumb Code     0  startup_stm32f103xb.o(.text)
    DMA1_Channel5_IRQHandler                 0x0800011b   Thumb Code     0  startup_stm32f103xb.o(.text)
    DMA1_Channel6_IRQHandler                 0x0800011b   Thumb Code     0  startup_stm32f103xb.o(.text)
    DMA1_Channel7_IRQHandler                 0x0800011b   Thumb Code     0  startup_stm32f103xb.o(.text)
    EXTI0_IRQHandler                         0x0800011b   Thumb Code     0  startup_stm32f103xb.o(.text)
    EXTI15_10_IRQHandler                     0x0800011b   Thumb Code     0  startup_stm32f103xb.o(.text)
    EXTI1_IRQHandler                         0x0800011b   Thumb Code     0  startup_stm32f103xb.o(.text)
    EXTI2_IRQHandler                         0x0800011b   Thumb Code     0  startup_stm32f103xb.o(.text)
    EXTI3_IRQHandler                         0x0800011b   Thumb Code     0  startup_stm32f103xb.o(.text)
    EXTI4_IRQHandler                         0x0800011b   Thumb Code     0  startup_stm32f103xb.o(.text)
    EXTI9_5_IRQHandler                       0x0800011b   Thumb Code     0  startup_stm32f103xb.o(.text)
    FLASH_IRQHandler                         0x0800011b   Thumb Code     0  startup_stm32f103xb.o(.text)
    I2C1_ER_IRQHandler                       0x0800011b   Thumb Code     0  startup_stm32f103xb.o(.text)
    I2C1_EV_IRQHandler                       0x0800011b   Thumb Code     0  startup_stm32f103xb.o(.text)
    I2C2_ER_IRQHandler                       0x0800011b   Thumb Code     0  startup_stm32f103xb.o(.text)
    I2C2_EV_IRQHandler                       0x0800011b   Thumb Code     0  startup_stm32f103xb.o(.text)
    PVD_IRQHandler                           0x0800011b   Thumb Code     0  startup_stm32f103xb.o(.text)
    RCC_IRQHandler                           0x0800011b   Thumb Code     0  startup_stm32f103xb.o(.text)
    RTC_Alarm_IRQHandler                     0x0800011b   Thumb Code     0  startup_stm32f103xb.o(.text)
    RTC_IRQHandler                           0x0800011b   Thumb Code     0  startup_stm32f103xb.o(.text)
    SPI1_IRQHandler                          0x0800011b   Thumb Code     0  startup_stm32f103xb.o(.text)
    SPI2_IRQHandler                          0x0800011b   Thumb Code     0  startup_stm32f103xb.o(.text)
    TAMPER_IRQHandler                        0x0800011b   Thumb Code     0  startup_stm32f103xb.o(.text)
    TIM1_BRK_IRQHandler                      0x0800011b   Thumb Code     0  startup_stm32f103xb.o(.text)
    TIM1_CC_IRQHandler                       0x0800011b   Thumb Code     0  startup_stm32f103xb.o(.text)
    TIM1_TRG_COM_IRQHandler                  0x0800011b   Thumb Code     0  startup_stm32f103xb.o(.text)
    TIM1_UP_IRQHandler                       0x0800011b   Thumb Code     0  startup_stm32f103xb.o(.text)
    TIM2_IRQHandler                          0x0800011b   Thumb Code     0  startup_stm32f103xb.o(.text)
    TIM3_IRQHandler                          0x0800011b   Thumb Code     0  startup_stm32f103xb.o(.text)
    TIM4_IRQHandler                          0x0800011b   Thumb Code     0  startup_stm32f103xb.o(.text)
    USART3_IRQHandler                        0x0800011b   Thumb Code     0  startup_stm32f103xb.o(.text)
    USBWakeUp_IRQHandler                     0x0800011b   Thumb Code     0  startup_stm32f103xb.o(.text)
    USB_HP_CAN1_TX_IRQHandler                0x0800011b   Thumb Code     0  startup_stm32f103xb.o(.text)
    USB_LP_CAN1_RX0_IRQHandler               0x0800011b   Thumb Code     0  startup_stm32f103xb.o(.text)
    WWDG_IRQHandler                          0x0800011b   Thumb Code     0  startup_stm32f103xb.o(.text)
    __aeabi_llsr                             0x08000125   Thumb Code    32  llushr.o(.text)
    _ll_ushift_r                             0x08000125   Thumb Code     0  llushr.o(.text)
    toupper                                  0x08000145   Thumb Code    12  toupper.o(.text)
    localtime                                0x08000151   Thumb Code   138  localtime.o(.text)
    asctime                                  0x080001e5   Thumb Code   172  asctime.o(.text)
    ctime                                    0x080002a1   Thumb Code    14  ctime.o(.text)
    __aeabi_memcpy                           0x080002af   Thumb Code    36  memcpya.o(.text)
    __aeabi_memcpy4                          0x080002af   Thumb Code     0  memcpya.o(.text)
    __aeabi_memcpy8                          0x080002af   Thumb Code     0  memcpya.o(.text)
    __aeabi_memset                           0x080002d3   Thumb Code    14  memseta.o(.text)
    __aeabi_memset4                          0x080002d3   Thumb Code     0  memseta.o(.text)
    __aeabi_memset8                          0x080002d3   Thumb Code     0  memseta.o(.text)
    __aeabi_memclr                           0x080002e1   Thumb Code     4  memseta.o(.text)
    __aeabi_memclr4                          0x080002e1   Thumb Code     0  memseta.o(.text)
    __aeabi_memclr8                          0x080002e1   Thumb Code     0  memseta.o(.text)
    _memset$wrapper                          0x080002e5   Thumb Code    18  memseta.o(.text)
    strstr                                   0x080002f7   Thumb Code    36  strstr.o(.text)
    strlen                                   0x0800031b   Thumb Code    14  strlen.o(.text)
    strcmp                                   0x08000329   Thumb Code    28  strcmp.o(.text)
    strtol                                   0x08000345   Thumb Code   112  strtol.o(.text)
    atoi                                     0x080003b5   Thumb Code    26  atoi.o(.text)
    atol                                     0x080003cf   Thumb Code    26  atol.o(.text)
    __aeabi_fadd                             0x080003e9   Thumb Code   164  fadd.o(.text)
    __aeabi_fsub                             0x0800048d   Thumb Code     6  fadd.o(.text)
    __aeabi_frsub                            0x08000493   Thumb Code     6  fadd.o(.text)
    __aeabi_fmul                             0x08000499   Thumb Code   100  fmul.o(.text)
    __aeabi_fdiv                             0x080004fd   Thumb Code   124  fdiv.o(.text)
    __ARM_scalbnf                            0x08000579   Thumb Code    24  fscalb.o(.text)
    scalbnf                                  0x08000579   Thumb Code     0  fscalb.o(.text)
    __aeabi_i2f                              0x08000591   Thumb Code    18  fflti.o(.text)
    __aeabi_ui2f                             0x080005a3   Thumb Code    10  ffltui.o(.text)
    __aeabi_f2iz                             0x080005ad   Thumb Code    50  ffixi.o(.text)
    __aeabi_f2uiz                            0x080005df   Thumb Code    40  ffixui.o(.text)
    __aeabi_f2d                              0x08000607   Thumb Code    38  f2d.o(.text)
    __aeabi_uidiv                            0x0800062d   Thumb Code     0  uidiv.o(.text)
    __aeabi_uidivmod                         0x0800062d   Thumb Code    44  uidiv.o(.text)
    __aeabi_uldivmod                         0x08000659   Thumb Code    98  uldiv.o(.text)
    __rt_ctype_table                         0x080006bd   Thumb Code     4  ctype_o.o(.text)
    _strtoul                                 0x080006c5   Thumb Code   158  _strtoul.o(.text)
    __I$use$fp                               0x08000763   Thumb Code     0  iusefp.o(.text)
    _float_round                             0x08000763   Thumb Code    18  fepilogue.o(.text)
    _float_epilogue                          0x08000775   Thumb Code    92  fepilogue.o(.text)
    __aeabi_dadd                             0x080007d1   Thumb Code   322  dadd.o(.text)
    __aeabi_dsub                             0x08000913   Thumb Code     6  dadd.o(.text)
    __aeabi_drsub                            0x08000919   Thumb Code     6  dadd.o(.text)
    __aeabi_dmul                             0x0800091f   Thumb Code   228  dmul.o(.text)
    __aeabi_ddiv                             0x08000a03   Thumb Code   222  ddiv.o(.text)
    __aeabi_d2ulz                            0x08000ae1   Thumb Code    48  dfixul.o(.text)
    __aeabi_cdrcmple                         0x08000b11   Thumb Code    48  cdrcmple.o(.text)
    __scatterload                            0x08000b41   Thumb Code    28  init.o(.text)
    __scatterload_rt2                        0x08000b41   Thumb Code     0  init.o(.text)
    __aeabi_llsl                             0x08000b65   Thumb Code    30  llshl.o(.text)
    _ll_shift_l                              0x08000b65   Thumb Code     0  llshl.o(.text)
    __aeabi_lasr                             0x08000b83   Thumb Code    36  llsshr.o(.text)
    _ll_sshift_r                             0x08000b83   Thumb Code     0  llsshr.o(.text)
    _chval                                   0x08000ba7   Thumb Code    28  _chval.o(.text)
    _double_round                            0x08000bc3   Thumb Code    30  depilogue.o(.text)
    _double_epilogue                         0x08000be1   Thumb Code   156  depilogue.o(.text)
    __decompress                             0x08000c7d   Thumb Code     0  __dczerorl2.o(.text)
    __decompress1                            0x08000c7d   Thumb Code    86  __dczerorl2.o(.text)
    BC28_thread_init                         0x08000cd5   Thumb Code    74  bc28_thread.o(i.BC28_thread_init)
    BusFault_Handler                         0x08000d55   Thumb Code     2  stm32f1xx_it.o(i.BusFault_Handler)
    DebugMon_Handler                         0x08000d57   Thumb Code     2  stm32f1xx_it.o(i.DebugMon_Handler)
    FlexShell_init                           0x08000d59   Thumb Code    12  flexshell.o(i.FlexShell_init)
    FlexShell_port_init                      0x08000da1   Thumb Code    20  flexshell_port.o(i.FlexShell_port_init)
    FlexShell_thread_handle                  0x08000dbd   Thumb Code    34  flexshell.o(i.FlexShell_thread_handle)
    HAL_Delay                                0x08000de9   Thumb Code    32  stm32f1xx_hal.o(i.HAL_Delay)
    HAL_GPIO_Init                            0x08000e0d   Thumb Code   408  stm32f1xx_hal_gpio.o(i.HAL_GPIO_Init)
    HAL_GPIO_ReadPin                         0x08000fc9   Thumb Code    10  stm32f1xx_hal_gpio.o(i.HAL_GPIO_ReadPin)
    HAL_GPIO_WritePin                        0x08000fd3   Thumb Code    10  stm32f1xx_hal_gpio.o(i.HAL_GPIO_WritePin)
    HAL_GetTick                              0x08000fdd   Thumb Code     6  stm32f1xx_hal.o(i.HAL_GetTick)
    HAL_I2C_Init                             0x08000fe9   Thumb Code   302  stm32f1xx_hal_i2c.o(i.HAL_I2C_Init)
    HAL_I2C_Mem_Read                         0x08001129   Thumb Code   530  stm32f1xx_hal_i2c.o(i.HAL_I2C_Mem_Read)
    HAL_I2C_Mem_Write                        0x08001349   Thumb Code   306  stm32f1xx_hal_i2c.o(i.HAL_I2C_Mem_Write)
    HAL_I2C_MspInit                          0x08001485   Thumb Code    54  stm32f1xx_hal_msp.o(i.HAL_I2C_MspInit)
    HAL_IncTick                              0x080014c9   Thumb Code    12  stm32f1xx_hal.o(i.HAL_IncTick)
    HAL_Init                                 0x080014d9   Thumb Code    32  stm32f1xx_hal.o(i.HAL_Init)
    HAL_InitTick                             0x080014fd   Thumb Code    54  stm32f1xx_hal.o(i.HAL_InitTick)
    HAL_MspInit                              0x0800153d   Thumb Code   118  stm32f1xx_hal_msp.o(i.HAL_MspInit)
    HAL_NVIC_EnableIRQ                       0x080015bd   Thumb Code    22  stm32f1xx_hal_cortex.o(i.HAL_NVIC_EnableIRQ)
    HAL_NVIC_SetPriority                     0x080015d5   Thumb Code    60  stm32f1xx_hal_cortex.o(i.HAL_NVIC_SetPriority)
    HAL_NVIC_SetPriorityGrouping             0x08001615   Thumb Code    26  stm32f1xx_hal_cortex.o(i.HAL_NVIC_SetPriorityGrouping)
    HAL_NVIC_SystemReset                     0x08001639   Thumb Code    26  stm32f1xx_hal_cortex.o(i.HAL_NVIC_SystemReset)
    HAL_RCCEx_PeriphCLKConfig                0x0800165d   Thumb Code   224  stm32f1xx_hal_rcc_ex.o(i.HAL_RCCEx_PeriphCLKConfig)
    HAL_RCC_ClockConfig                      0x08001749   Thumb Code   322  stm32f1xx_hal_rcc.o(i.HAL_RCC_ClockConfig)
    HAL_RCC_GetHCLKFreq                      0x0800189d   Thumb Code     6  stm32f1xx_hal_rcc.o(i.HAL_RCC_GetHCLKFreq)
    HAL_RCC_GetPCLK1Freq                     0x080018a9   Thumb Code    20  stm32f1xx_hal_rcc.o(i.HAL_RCC_GetPCLK1Freq)
    HAL_RCC_GetPCLK2Freq                     0x080018c9   Thumb Code    20  stm32f1xx_hal_rcc.o(i.HAL_RCC_GetPCLK2Freq)
    HAL_RCC_GetSysClockFreq                  0x080018e9   Thumb Code    74  stm32f1xx_hal_rcc.o(i.HAL_RCC_GetSysClockFreq)
    HAL_RCC_OscConfig                        0x08001955   Thumb Code   750  stm32f1xx_hal_rcc.o(i.HAL_RCC_OscConfig)
    HAL_SYSTICK_CLKSourceConfig              0x08001c59   Thumb Code    24  stm32f1xx_hal_cortex.o(i.HAL_SYSTICK_CLKSourceConfig)
    HAL_SYSTICK_Callback                     0x08001c71   Thumb Code     2  stm32f1xx_hal_cortex.o(i.HAL_SYSTICK_Callback)
    HAL_SYSTICK_Config                       0x08001c73   Thumb Code    40  stm32f1xx_hal_cortex.o(i.HAL_SYSTICK_Config)
    HAL_SYSTICK_IRQHandler                   0x08001c9b   Thumb Code     8  stm32f1xx_hal_cortex.o(i.HAL_SYSTICK_IRQHandler)
    HAL_UART_MspInit                         0x08001ca5   Thumb Code   158  stm32f1xx_hal_msp.o(i.HAL_UART_MspInit)
    HTS221_Calibration                       0x08001d55   Thumb Code   436  hts221.o(i.HTS221_Calibration)
    HTS221_GetHumidity                       0x08001f0d   Thumb Code   264  hts221.o(i.HTS221_GetHumidity)
    HTS221_GetTemperature                    0x0800201d   Thumb Code   250  hts221.o(i.HTS221_GetTemperature)
    HTS221_who_am_i                          0x0800211d   Thumb Code    38  hts221.o(i.HTS221_who_am_i)
    HardFault_Handler                        0x08002143   Thumb Code     6  stm32f1xx_it.o(i.HardFault_Handler)
    HexToStr                                 0x08002149   Thumb Code    50  aepservicecodes.o(i.HexToStr)
    MemManage_Handler                        0x0800266d   Thumb Code     2  stm32f1xx_it.o(i.MemManage_Handler)
    NMI_Handler                              0x0800266f   Thumb Code     2  stm32f1xx_it.o(i.NMI_Handler)
    OSSemCreat                               0x08002691   Thumb Code    18  os_sem.o(i.OSSemCreat)
    OSSemPend                                0x080026a3   Thumb Code    26  os_sem.o(i.OSSemPend)
    OSSemPost                                0x080026bd   Thumb Code    22  os_sem.o(i.OSSemPost)
    PA0_input                                0x080026d5   Thumb Code     8  bsp.o(i.PA0_input)
    PA1_output_value_HIGH                    0x080026e1   Thumb Code    10  bsp.o(i.PA1_output_value_HIGH)
    PA1_output_value_LOW                     0x080026f1   Thumb Code    10  bsp.o(i.PA1_output_value_LOW)
    PB5_input                                0x08002701   Thumb Code     8  bsp.o(i.PB5_input)
    PB8_output_value_HIGH                    0x0800270d   Thumb Code    10  bsp.o(i.PB8_output_value_HIGH)
    PB8_output_value_LOW                     0x0800271d   Thumb Code    12  bsp.o(i.PB8_output_value_LOW)
    PB9_input                                0x0800272d   Thumb Code    10  bsp.o(i.PB9_input)
    PendSV_Handler                           0x0800273d   Thumb Code     2  stm32f1xx_it.o(i.PendSV_Handler)
    SVC_Handler                              0x0800273f   Thumb Code     2  stm32f1xx_it.o(i.SVC_Handler)
    StrToHex                                 0x08002741   Thumb Code    80  aepservicecodes.o(i.StrToHex)
    SysTick_Handler                          0x08002791   Thumb Code    18  stm32f1xx_it.o(i.SysTick_Handler)
    SystemClock_Config                       0x080027a3   Thumb Code   128  main.o(i.SystemClock_Config)
    SystemInit                               0x08002825   Thumb Code    56  system_stm32f1xx.o(i.SystemInit)
    UART_SetConfig                           0x0800286d   Thumb Code   364  stm32f1xx_hal_uart.o(i.UART_SetConfig)
    USART1_IRQHandler                        0x080029dd   Thumb Code    86  app_uart.o(i.USART1_IRQHandler)
    USART2_IRQHandler                        0x08002a45   Thumb Code   102  log_uart.o(i.USART2_IRQHandler)
    UsageFault_Handler                       0x08002ab9   Thumb Code     2  stm32f1xx_it.o(i.UsageFault_Handler)
    __0printf                                0x08002ca1   Thumb Code    22  printfa.o(i.__0printf)
    __1printf                                0x08002ca1   Thumb Code     0  printfa.o(i.__0printf)
    __2printf                                0x08002ca1   Thumb Code     0  printfa.o(i.__0printf)
    __c89printf                              0x08002ca1   Thumb Code     0  printfa.o(i.__0printf)
    printf                                   0x08002ca1   Thumb Code     0  printfa.o(i.__0printf)
    __0sprintf                               0x08002cc1   Thumb Code    34  printfa.o(i.__0sprintf)
    __1sprintf                               0x08002cc1   Thumb Code     0  printfa.o(i.__0sprintf)
    __2sprintf                               0x08002cc1   Thumb Code     0  printfa.o(i.__0sprintf)
    __c89sprintf                             0x08002cc1   Thumb Code     0  printfa.o(i.__0sprintf)
    sprintf                                  0x08002cc1   Thumb Code     0  printfa.o(i.__0sprintf)
    __aeabi_errno_addr                       0x08002ce9   Thumb Code     4  errno.o(i.__aeabi_errno_addr)
    __rt_errno_addr                          0x08002ce9   Thumb Code     0  errno.o(i.__aeabi_errno_addr)
    __scatterload_copy                       0x08002cf1   Thumb Code    14  handlers.o(i.__scatterload_copy)
    __scatterload_null                       0x08002cff   Thumb Code     2  handlers.o(i.__scatterload_null)
    __scatterload_zeroinit                   0x08002d01   Thumb Code    14  handlers.o(i.__scatterload_zeroinit)
    aep_htonf                                0x080035ad   Thumb Code    12  aepservicecodes.o(i.aep_htonf)
    aep_htoni                                0x080035bd   Thumb Code    12  aepservicecodes.o(i.aep_htoni)
    aep_htons                                0x080035cd   Thumb Code    12  aepservicecodes.o(i.aep_htons)
    aep_thread_init                          0x080035dd   Thumb Code    46  app_aep_profile.o(i.aep_thread_init)
    app_thread_init                          0x08003649   Thumb Code    18  user_main.o(i.app_thread_init)
    app_uart_init                            0x0800365d   Thumb Code    30  app_uart.o(i.app_uart_init)
    app_uart_register_fifo                   0x08003685   Thumb Code    24  app_uart.o(i.app_uart_register_fifo)
    at_get_CON_result                        0x08003765   Thumb Code    20  bc28_thread.o(i.at_get_CON_result)
    at_get_rsp                               0x080038ed   Thumb Code   216  nb_thread.o(i.at_get_rsp)
    at_send_data                             0x08003d89   Thumb Code    38  nb_thread.o(i.at_send_data)
    at_set_rsp                               0x08003db5   Thumb Code   124  nb_thread.o(i.at_set_rsp)
    bsp_init                                 0x08004021   Thumb Code    56  bsp.o(i.bsp_init)
    bsp_thread_init                          0x0800406d   Thumb Code    20  bsp_thread.o(i.bsp_thread_init)
    clean_signal_down_DecodeCmdDown          0x080040a5   Thumb Code    38  aepservicecodes.o(i.clean_signal_down_DecodeCmdDown)
    codeDataReportByIdentifierToStr          0x080040cd   Thumb Code   528  aepservicecodes.o(i.codeDataReportByIdentifierToStr)
    data_report_CodeDataReport               0x08004455   Thumb Code   112  aepservicecodes.o(i.data_report_CodeDataReport)
    decodeCmdDownFromStr                     0x080044c9   Thumb Code   458  aepservicecodes.o(i.decodeCmdDownFromStr)
    decode_aep_data                          0x0800473d   Thumb Code   522  app_aep_profile.o(i.decode_aep_data)
    delay_ms                                 0x08004aad   Thumb Code     4  delay.o(i.delay_ms)
    door_control_1_DecodeCmdDown             0x08004b59   Thumb Code    38  aepservicecodes.o(i.door_control_1_DecodeCmdDown)
    door_control_2_DecodeCmdDown             0x08004b7f   Thumb Code    38  aepservicecodes.o(i.door_control_2_DecodeCmdDown)
    door_control_3_DecodeCmdDown             0x08004ba5   Thumb Code    38  aepservicecodes.o(i.door_control_3_DecodeCmdDown)
    error_code_report_CodeEventReport        0x08004bcd   Thumb Code   104  aepservicecodes.o(i.error_code_report_CodeEventReport)
    fifo_get                                 0x08004da5   Thumb Code   106  fifo.o(i.fifo_get)
    fifo_init                                0x08004e0f   Thumb Code    30  fifo.o(i.fifo_init)
    fifo_put                                 0x08004e2d   Thumb Code    94  fifo.o(i.fifo_put)
    fire_state_alarm_CodeEventReport         0x08004ea9   Thumb Code   104  aepservicecodes.o(i.fire_state_alarm_CodeEventReport)
    fputc                                    0x08004f15   Thumb Code    16  app_uart.o(i.fputc)
    free                                     0x08004f29   Thumb Code    76  malloc.o(i.free)
    full_state_alarm_CodeEventReport         0x08004f79   Thumb Code   104  aepservicecodes.o(i.full_state_alarm_CodeEventReport)
    getStatus                                0x08004fe5   Thumb Code   118  bsp.o(i.getStatus)
    get_hum_temp                             0x080050dd   Thumb Code    12  bsp_thread.o(i.get_hum_temp)
    get_thread                               0x080050ed   Thumb Code    26  thread.o(i.get_thread)
    get_thread_name                          0x0800510d   Thumb Code    36  thread.o(i.get_thread_name)
    humi_signal_up_CodeDataReport            0x080051b9   Thumb Code   106  aepservicecodes.o(i.humi_signal_up_CodeDataReport)
    incline_state_alarm_CodeEventReport      0x08005229   Thumb Code   104  aepservicecodes.o(i.incline_state_alarm_CodeEventReport)
    isLittleEndian                           0x08005295   Thumb Code    14  util.o(i.isLittleEndian)
    led_read                                 0x080052a9   Thumb Code    18  led.o(i.led_read)
    led_write                                0x080052c1   Thumb Code   124  led.o(i.led_write)
    log_read                                 0x08005345   Thumb Code    18  tinylog.o(i.log_read)
    log_uart_init                            0x080053b9   Thumb Code    20  log_uart.o(i.log_uart_init)
    log_uart_read                            0x080053d5   Thumb Code    50  log_uart.o(i.log_uart_read)
    main                                     0x08005435   Thumb Code    26  main.o(i.main)
    malloc                                   0x08005451   Thumb Code    92  malloc.o(i.malloc)
    module_power_on                          0x080055d5   Thumb Code    58  bsp.o(i.module_power_on)
    module_reset                             0x08005615   Thumb Code    54  bsp.o(i.module_reset)
    motor_read                               0x08005651   Thumb Code     8  motor.o(i.motor_read)
    motor_write                              0x0800565d   Thumb Code    66  motor.o(i.motor_write)
    nb_register_syn_ack                      0x08005719   Thumb Code     6  nb_thread.o(i.nb_register_syn_ack)
    nb_send                                  0x08005725   Thumb Code   122  nb_thread.o(i.nb_send)
    nb_syn_process                           0x08005801   Thumb Code    12  nb_thread.o(i.nb_syn_process)
    nb_thread_init                           0x08005811   Thumb Code   138  nb_thread.o(i.nb_thread_init)
    os_event_create                          0x080059a9   Thumb Code    38  os_event.o(i.os_event_create)
    os_event_pend_event                      0x080059f1   Thumb Code    68  os_event.o(i.os_event_pend_event)
    os_event_post_event                      0x08005a71   Thumb Code    84  os_event.o(i.os_event_post_event)
    os_event_set_event                       0x08005b01   Thumb Code    40  os_event.o(i.os_event_set_event)
    os_time_get_timetick                     0x08005bb5   Thumb Code     6  os_time.o(i.os_time_get_timetick)
    os_time_set_timetick                     0x08005bc1   Thumb Code     6  os_time.o(i.os_time_set_timetick)
    os_time_tick_handle                      0x08005bcd   Thumb Code    58  os_time.o(i.os_time_tick_handle)
    paper_signal_up_CodeDataReport           0x08005c11   Thumb Code   102  aepservicecodes.o(i.paper_signal_up_CodeDataReport)
    platform_init                            0x08005c7d   Thumb Code    74  bsp.o(i.platform_init)
    power_state_alarm_CodeEventReport        0x08005da1   Thumb Code   104  aepservicecodes.o(i.power_state_alarm_CodeEventReport)
    print_all_reg                            0x08005e0d   Thumb Code   632  hts221.o(i.print_all_reg)
    read_IR_value                            0x08008319   Thumb Code    16  bsp.o(i.read_IR_value)
    read_key_value                           0x0800832d   Thumb Code    34  bsp.o(i.read_key_value)
    setStatus                                0x08008a99   Thumb Code    42  bsp.o(i.setStatus)
    set_fire_threshold_DecodeCmdDown         0x08008ad1   Thumb Code    46  aepservicecodes.o(i.set_fire_threshold_DecodeCmdDown)
    set_fire_threshold_resp_CodeCmdResponse  0x08008b01   Thumb Code   132  aepservicecodes.o(i.set_fire_threshold_resp_CodeCmdResponse)
    set_full_threshold_DecodeCmdDown         0x08008b89   Thumb Code    46  aepservicecodes.o(i.set_full_threshold_DecodeCmdDown)
    set_full_threshold_resp_CodeCmdResponse  0x08008bb9   Thumb Code   132  aepservicecodes.o(i.set_full_threshold_resp_CodeCmdResponse)
    set_power_threshold_DecodeCmdDown        0x08008c41   Thumb Code    46  aepservicecodes.o(i.set_power_threshold_DecodeCmdDown)
    set_power_threshold_resp_CodeCmdResponse 0x08008c71   Thumb Code   132  aepservicecodes.o(i.set_power_threshold_resp_CodeCmdResponse)
    set_tilt_threshold_DecodeCmdDown         0x08008cf9   Thumb Code    46  aepservicecodes.o(i.set_tilt_threshold_DecodeCmdDown)
    set_tilt_threshold_resp_CodeCmdResponse  0x08008d29   Thumb Code   132  aepservicecodes.o(i.set_tilt_threshold_resp_CodeCmdResponse)
    shell_split                              0x08008e31   Thumb Code   148  util.o(i.shell_split)
    signal_report_CodeDataReport             0x08008ec5   Thumb Code   192  aepservicecodes.o(i.signal_report_CodeDataReport)
    soft_timer_init                          0x08008f89   Thumb Code    68  os_soft_timer.o(i.soft_timer_init)
    soft_timer_register                      0x08009001   Thumb Code   280  os_soft_timer.o(i.soft_timer_register)
    soft_timer_start                         0x0800911d   Thumb Code    50  os_soft_timer.o(i.soft_timer_start)
    soft_timer_stop                          0x08009155   Thumb Code    16  os_soft_timer.o(i.soft_timer_stop)
    t_strtok                                 0x080091dd   Thumb Code    94  util.o(i.t_strtok)
    temp_signal_up_CodeDataReport            0x0800923d   Thumb Code   106  aepservicecodes.o(i.temp_signal_up_CodeDataReport)
    test_motion_CodeEventReport              0x080092ad   Thumb Code   104  aepservicecodes.o(i.test_motion_CodeEventReport)
    thread_os_delete                         0x08009319   Thumb Code    72  thread.o(i.thread_os_delete)
    thread_os_register                       0x08009471   Thumb Code    72  thread.o(i.thread_os_register)
    thread_os_restart                        0x080094e5   Thumb Code    60  thread.o(i.thread_os_restart)
    thread_os_resume                         0x08009575   Thumb Code    58  thread.o(i.thread_os_resume)
    thread_os_start                          0x08009609   Thumb Code   110  os_core.o(i.thread_os_start)
    thread_os_suspend                        0x080096d9   Thumb Code   100  thread.o(i.thread_os_suspend)
    thread_os_tick                           0x080097bd   Thumb Code    30  os_port.o(i.thread_os_tick)
    thread_timer_tick                        0x080097e1   Thumb Code    50  os_soft_timer.o(i.thread_timer_tick)
    toilet_hygiene_signal_up_CodeDataReport  0x0800981d   Thumb Code    98  aepservicecodes.o(i.toilet_hygiene_signal_up_CodeDataReport)
    toilet_signal_up_1_CodeDataReport        0x08009885   Thumb Code   102  aepservicecodes.o(i.toilet_signal_up_1_CodeDataReport)
    toilet_signal_up_2_CodeDataReport        0x080098f1   Thumb Code   102  aepservicecodes.o(i.toilet_signal_up_2_CodeDataReport)
    toilet_signal_up_3_CodeDataReport        0x0800995d   Thumb Code   102  aepservicecodes.o(i.toilet_signal_up_3_CodeDataReport)
    ty_printf                                0x080099c9   Thumb Code    22  tinyprintf.o(i.ty_printf)
    ty_printf_init                           0x080099e1   Thumb Code     6  tinyprintf.o(i.ty_printf_init)
    ty_vprintf                               0x080099ed   Thumb Code   408  tinyprintf.o(i.ty_vprintf)
    user_main                                0x08009be9   Thumb Code    26  user_main.o(i.user_main)
    water_control_down_DecodeCmdDown         0x08009c03   Thumb Code    38  aepservicecodes.o(i.water_control_down_DecodeCmdDown)
    AHBPrescTable                            0x08009c38   Data          16  system_stm32f1xx.o(.constdata)
    APBPrescTable                            0x08009c48   Data           8  system_stm32f1xx.o(.constdata)
    __ctype_table                            0x08009c95   Data         129  ctype_o.o(.constdata)
    Region$$Table$$Base                      0x0800a438   Number         0  anon$$obj.o(Region$$Table)
    Region$$Table$$Limit                     0x0800a458   Number         0  anon$$obj.o(Region$$Table)
    state1                                   0x20000001   Data           1  app_aep_profile.o(.data)
    user_times                               0x20000008   Data           4  app_aep_profile.o(.data)
    at_module_BC28                           0x200000a4   Data        1232  bc28_thread.o(.data)
    current_at_module                        0x200005f0   Data          28  nb_thread.o(.data)
    T0_out                                   0x20000610   Data           2  hts221.o(.data)
    T1_out                                   0x20000612   Data           2  hts221.o(.data)
    H0_T0_out                                0x20000614   Data           2  hts221.o(.data)
    H1_T0_out                                0x20000616   Data           2  hts221.o(.data)
    T0_degC                                  0x20000618   Data           4  hts221.o(.data)
    T1_degC                                  0x2000061c   Data           4  hts221.o(.data)
    H0_rh                                    0x20000620   Data           4  hts221.o(.data)
    H1_rh                                    0x20000624   Data           4  hts221.o(.data)
    endianMode                               0x20000635   Data           1  util.o(.data)
    ty_write                                 0x20000660   Data           4  tinyprintf.o(.data)
    process_list                             0x20000668   Data           4  thread.o(.data)
    os_running                               0x2000066c   Data           1  os_core.o(.data)
    thread_use_tick                          0x20000670   Data           4  os_core.o(.data)
    current_thread                           0x20000674   Data           4  os_core.o(.data)
    uwTickFreq                               0x2000069c   Data           1  stm32f1xx_hal.o(.data)
    uwTickPrio                               0x200006a0   Data           4  stm32f1xx_hal.o(.data)
    uwTick                                   0x200006a4   Data           4  stm32f1xx_hal.o(.data)
    SystemCoreClock                          0x200006a8   Data           4  system_stm32f1xx.o(.data)
    __stdout                                 0x200006ac   Data           4  stdout.o(.data)
    __microlib_freelist                      0x200006b0   Data           4  mvars.o(.data)
    __microlib_freelist_initialised          0x200006b4   Data           4  mvars.o(.data)
    FlexShellSection$$Base                   0x200006bc   Number         0  flexshellsys.o(FlexShellSection)
    FlexShellSection$$Limit                  0x200007dc   Number         0  flexshelluser.o(FlexShellSection)
    BC28_event                               0x200007e8   Data          20  bc28_thread.o(.bss)
    NB_event                                 0x20001078   Data          20  nb_thread.o(.bss)
    NB_recv_event                            0x2000108c   Data          20  nb_thread.o(.bss)
    NB_IMEI                                  0x200010a0   Data          20  nb_thread.o(.bss)
    NB_ICCID                                 0x200010b4   Data          25  nb_thread.o(.bss)
    uart_buf                                 0x200010d0   Data         256  app_uart.o(.bss)
    OS_SoftTimer                             0x20001518   Data         524  os_soft_timer.o(.bss)
    hi2c1                                    0x20001724   Data          84  main.o(.bss)
    __heap_base                              0x200017c0   Data           0  startup_stm32f103xb.o(HEAP)
    __heap_limit                             0x200019c0   Data           0  startup_stm32f103xb.o(HEAP)
    __initial_sp                             0x20001dc0   Data           0  startup_stm32f103xb.o(STACK)



==============================================================================

Memory Map of the image

  Image Entry point : 0x080000ed

  Load Region LR_IROM1 (Base: 0x08000000, Size: 0x0000ac34, Max: 0x00020000, ABSOLUTE, COMPRESSED[0x0000a660])

    Execution Region ER_IROM1 (Base: 0x08000000, Size: 0x0000a458, Max: 0x00020000, ABSOLUTE)

    Base Addr    Size         Type   Attr      Idx    E Section Name        Object

    0x08000000   0x000000ec   Data   RO         4130    RESET               startup_stm32f103xb.o
    0x080000ec   0x00000000   Code   RO         4135  * .ARM.Collect$$$$00000000  mc_w.l(entry.o)
    0x080000ec   0x00000004   Code   RO         4477    .ARM.Collect$$$$00000001  mc_w.l(entry2.o)
    0x080000f0   0x00000004   Code   RO         4480    .ARM.Collect$$$$00000004  mc_w.l(entry5.o)
    0x080000f4   0x00000000   Code   RO         4482    .ARM.Collect$$$$00000008  mc_w.l(entry7b.o)
    0x080000f4   0x00000000   Code   RO         4484    .ARM.Collect$$$$0000000A  mc_w.l(entry8b.o)
    0x080000f4   0x00000008   Code   RO         4485    .ARM.Collect$$$$0000000B  mc_w.l(entry9a.o)
    0x080000fc   0x00000000   Code   RO         4487    .ARM.Collect$$$$0000000D  mc_w.l(entry10a.o)
    0x080000fc   0x00000000   Code   RO         4489    .ARM.Collect$$$$0000000F  mc_w.l(entry11a.o)
    0x080000fc   0x00000004   Code   RO         4478    .ARM.Collect$$$$00002712  mc_w.l(entry2.o)
    0x08000100   0x00000024   Code   RO         4131    .text               startup_stm32f103xb.o
    0x08000124   0x00000020   Code   RO         4138    .text               mc_w.l(llushr.o)
    0x08000144   0x0000000c   Code   RO         4140    .text               mc_w.l(toupper.o)
    0x08000150   0x00000094   Code   RO         4142    .text               mc_w.l(localtime.o)
    0x080001e4   0x000000bc   Code   RO         4146    .text               mc_w.l(asctime.o)
    0x080002a0   0x0000000e   Code   RO         4150    .text               mc_w.l(ctime.o)
    0x080002ae   0x00000024   Code   RO         4152    .text               mc_w.l(memcpya.o)
    0x080002d2   0x00000024   Code   RO         4154    .text               mc_w.l(memseta.o)
    0x080002f6   0x00000024   Code   RO         4156    .text               mc_w.l(strstr.o)
    0x0800031a   0x0000000e   Code   RO         4158    .text               mc_w.l(strlen.o)
    0x08000328   0x0000001c   Code   RO         4160    .text               mc_w.l(strcmp.o)
    0x08000344   0x00000070   Code   RO         4453    .text               mc_w.l(strtol.o)
    0x080003b4   0x0000001a   Code   RO         4455    .text               mc_w.l(atoi.o)
    0x080003ce   0x0000001a   Code   RO         4457    .text               mc_w.l(atol.o)
    0x080003e8   0x000000b0   Code   RO         4459    .text               mf_w.l(fadd.o)
    0x08000498   0x00000064   Code   RO         4461    .text               mf_w.l(fmul.o)
    0x080004fc   0x0000007c   Code   RO         4463    .text               mf_w.l(fdiv.o)
    0x08000578   0x00000018   Code   RO         4465    .text               mf_w.l(fscalb.o)
    0x08000590   0x00000012   Code   RO         4467    .text               mf_w.l(fflti.o)
    0x080005a2   0x0000000a   Code   RO         4469    .text               mf_w.l(ffltui.o)
    0x080005ac   0x00000032   Code   RO         4471    .text               mf_w.l(ffixi.o)
    0x080005de   0x00000028   Code   RO         4473    .text               mf_w.l(ffixui.o)
    0x08000606   0x00000026   Code   RO         4475    .text               mf_w.l(f2d.o)
    0x0800062c   0x0000002c   Code   RO         4492    .text               mc_w.l(uidiv.o)
    0x08000658   0x00000062   Code   RO         4494    .text               mc_w.l(uldiv.o)
    0x080006ba   0x00000002   PAD
    0x080006bc   0x00000008   Code   RO         4496    .text               mc_w.l(ctype_o.o)
    0x080006c4   0x0000009e   Code   RO         4533    .text               mc_w.l(_strtoul.o)
    0x08000762   0x00000000   Code   RO         4535    .text               mc_w.l(iusefp.o)
    0x08000762   0x0000006e   Code   RO         4536    .text               mf_w.l(fepilogue.o)
    0x080007d0   0x0000014e   Code   RO         4538    .text               mf_w.l(dadd.o)
    0x0800091e   0x000000e4   Code   RO         4540    .text               mf_w.l(dmul.o)
    0x08000a02   0x000000de   Code   RO         4542    .text               mf_w.l(ddiv.o)
    0x08000ae0   0x00000030   Code   RO         4544    .text               mf_w.l(dfixul.o)
    0x08000b10   0x00000030   Code   RO         4546    .text               mf_w.l(cdrcmple.o)
    0x08000b40   0x00000024   Code   RO         4548    .text               mc_w.l(init.o)
    0x08000b64   0x0000001e   Code   RO         4550    .text               mc_w.l(llshl.o)
    0x08000b82   0x00000024   Code   RO         4552    .text               mc_w.l(llsshr.o)
    0x08000ba6   0x0000001c   Code   RO         4554    .text               mc_w.l(_chval.o)
    0x08000bc2   0x000000ba   Code   RO         4556    .text               mf_w.l(depilogue.o)
    0x08000c7c   0x00000056   Code   RO         4566    .text               mc_w.l(__dczerorl2.o)
    0x08000cd2   0x00000002   PAD
    0x08000cd4   0x00000080   Code   RO          608    i.BC28_thread_init  bc28_thread.o
    0x08000d54   0x00000002   Code   RO         4015    i.BusFault_Handler  stm32f1xx_it.o
    0x08000d56   0x00000002   Code   RO         4016    i.DebugMon_Handler  stm32f1xx_it.o
    0x08000d58   0x00000048   Code   RO         1371    i.FlexShell_init    flexshell.o
    0x08000da0   0x0000001c   Code   RO         1404    i.FlexShell_port_init  flexshell_port.o
    0x08000dbc   0x0000002c   Code   RO         1372    i.FlexShell_thread_handle  flexshell.o
    0x08000de8   0x00000024   Code   RO         3421    i.HAL_Delay         stm32f1xx_hal.o
    0x08000e0c   0x000001bc   Code   RO         3351    i.HAL_GPIO_Init     stm32f1xx_hal_gpio.o
    0x08000fc8   0x0000000a   Code   RO         3353    i.HAL_GPIO_ReadPin  stm32f1xx_hal_gpio.o
    0x08000fd2   0x0000000a   Code   RO         3355    i.HAL_GPIO_WritePin  stm32f1xx_hal_gpio.o
    0x08000fdc   0x0000000c   Code   RO         3425    i.HAL_GetTick       stm32f1xx_hal.o
    0x08000fe8   0x00000140   Code   RO         2791    i.HAL_I2C_Init      stm32f1xx_hal_i2c.o
    0x08001128   0x00000220   Code   RO         2807    i.HAL_I2C_Mem_Read  stm32f1xx_hal_i2c.o
    0x08001348   0x0000013c   Code   RO         2810    i.HAL_I2C_Mem_Write  stm32f1xx_hal_i2c.o
    0x08001484   0x00000044   Code   RO         3956    i.HAL_I2C_MspInit   stm32f1xx_hal_msp.o
    0x080014c8   0x00000010   Code   RO         3429    i.HAL_IncTick       stm32f1xx_hal.o
    0x080014d8   0x00000024   Code   RO         3430    i.HAL_Init          stm32f1xx_hal.o
    0x080014fc   0x00000040   Code   RO         3431    i.HAL_InitTick      stm32f1xx_hal.o
    0x0800153c   0x00000080   Code   RO         3957    i.HAL_MspInit       stm32f1xx_hal_msp.o
    0x080015bc   0x00000016   Code   RO         2467    i.HAL_NVIC_EnableIRQ  stm32f1xx_hal_cortex.o
    0x080015d2   0x00000002   PAD
    0x080015d4   0x00000040   Code   RO         2473    i.HAL_NVIC_SetPriority  stm32f1xx_hal_cortex.o
    0x08001614   0x00000024   Code   RO         2474    i.HAL_NVIC_SetPriorityGrouping  stm32f1xx_hal_cortex.o
    0x08001638   0x00000024   Code   RO         2475    i.HAL_NVIC_SystemReset  stm32f1xx_hal_cortex.o
    0x0800165c   0x000000ec   Code   RO         2209    i.HAL_RCCEx_PeriphCLKConfig  stm32f1xx_hal_rcc_ex.o
    0x08001748   0x00000154   Code   RO         2346    i.HAL_RCC_ClockConfig  stm32f1xx_hal_rcc.o
    0x0800189c   0x0000000c   Code   RO         2351    i.HAL_RCC_GetHCLKFreq  stm32f1xx_hal_rcc.o
    0x080018a8   0x00000020   Code   RO         2353    i.HAL_RCC_GetPCLK1Freq  stm32f1xx_hal_rcc.o
    0x080018c8   0x00000020   Code   RO         2354    i.HAL_RCC_GetPCLK2Freq  stm32f1xx_hal_rcc.o
    0x080018e8   0x0000006c   Code   RO         2355    i.HAL_RCC_GetSysClockFreq  stm32f1xx_hal_rcc.o
    0x08001954   0x00000304   Code   RO         2358    i.HAL_RCC_OscConfig  stm32f1xx_hal_rcc.o
    0x08001c58   0x00000018   Code   RO         2476    i.HAL_SYSTICK_CLKSourceConfig  stm32f1xx_hal_cortex.o
    0x08001c70   0x00000002   Code   RO         2477    i.HAL_SYSTICK_Callback  stm32f1xx_hal_cortex.o
    0x08001c72   0x00000028   Code   RO         2478    i.HAL_SYSTICK_Config  stm32f1xx_hal_cortex.o
    0x08001c9a   0x00000008   Code   RO         2479    i.HAL_SYSTICK_IRQHandler  stm32f1xx_hal_cortex.o
    0x08001ca2   0x00000002   PAD
    0x08001ca4   0x000000b0   Code   RO         3961    i.HAL_UART_MspInit  stm32f1xx_hal_msp.o
    0x08001d54   0x000001b8   Code   RO         1021    i.HTS221_Calibration  hts221.o
    0x08001f0c   0x00000110   Code   RO         1022    i.HTS221_GetHumidity  hts221.o
    0x0800201c   0x00000100   Code   RO         1023    i.HTS221_GetTemperature  hts221.o
    0x0800211c   0x00000026   Code   RO         1024    i.HTS221_who_am_i   hts221.o
    0x08002142   0x00000006   Code   RO         4017    i.HardFault_Handler  stm32f1xx_it.o
    0x08002148   0x00000032   Code   RO          272    i.HexToStr          aepservicecodes.o
    0x0800217a   0x00000028   Code   RO         2829    i.I2C_IsAcknowledgeFailed  stm32f1xx_hal_i2c.o
    0x080021a2   0x00000002   PAD
    0x080021a4   0x0000001c   Code   RO         1025    i.I2C_Read          hts221.o
    0x080021c0   0x000000f0   Code   RO         2838    i.I2C_RequestMemoryRead  stm32f1xx_hal_i2c.o
    0x080022b0   0x000000a0   Code   RO         2839    i.I2C_RequestMemoryWrite  stm32f1xx_hal_i2c.o
    0x08002350   0x0000004e   Code   RO         2842    i.I2C_WaitOnBTFFlagUntilTimeout  stm32f1xx_hal_i2c.o
    0x0800239e   0x00000060   Code   RO         2843    i.I2C_WaitOnFlagUntilTimeout  stm32f1xx_hal_i2c.o
    0x080023fe   0x00000002   PAD
    0x08002400   0x00000088   Code   RO         2844    i.I2C_WaitOnMasterAddressFlagUntilTimeout  stm32f1xx_hal_i2c.o
    0x08002488   0x00000062   Code   RO         2845    i.I2C_WaitOnRXNEFlagUntilTimeout  stm32f1xx_hal_i2c.o
    0x080024ea   0x0000004e   Code   RO         2846    i.I2C_WaitOnTXEFlagUntilTimeout  stm32f1xx_hal_i2c.o
    0x08002538   0x0000001c   Code   RO         1026    i.I2C_Write         hts221.o
    0x08002554   0x000000e0   Code   RO         3900    i.MX_GPIO_Init      main.o
    0x08002634   0x00000038   Code   RO         3901    i.MX_I2C1_Init      main.o
    0x0800266c   0x00000002   Code   RO         4018    i.MemManage_Handler  stm32f1xx_it.o
    0x0800266e   0x00000002   Code   RO         4019    i.NMI_Handler       stm32f1xx_it.o
    0x08002670   0x00000020   Code   RO         2480    i.NVIC_SetPriority  stm32f1xx_hal_cortex.o
    0x08002690   0x00000012   Code   RO         1773    i.OSSemCreat        os_sem.o
    0x080026a2   0x0000001a   Code   RO         1774    i.OSSemPend         os_sem.o
    0x080026bc   0x00000016   Code   RO         1775    i.OSSemPost         os_sem.o
    0x080026d2   0x00000002   PAD
    0x080026d4   0x0000000c   Code   RO          814    i.PA0_input         bsp.o
    0x080026e0   0x00000010   Code   RO          815    i.PA1_output_value_HIGH  bsp.o
    0x080026f0   0x00000010   Code   RO          816    i.PA1_output_value_LOW  bsp.o
    0x08002700   0x0000000c   Code   RO          817    i.PB5_input         bsp.o
    0x0800270c   0x00000010   Code   RO          818    i.PB8_output_value_HIGH  bsp.o
    0x0800271c   0x00000010   Code   RO          819    i.PB8_output_value_LOW  bsp.o
    0x0800272c   0x00000010   Code   RO          820    i.PB9_input         bsp.o
    0x0800273c   0x00000002   Code   RO         4020    i.PendSV_Handler    stm32f1xx_it.o
    0x0800273e   0x00000002   Code   RO         4021    i.SVC_Handler       stm32f1xx_it.o
    0x08002740   0x00000050   Code   RO          273    i.StrToHex          aepservicecodes.o
    0x08002790   0x00000012   Code   RO         4022    i.SysTick_Handler   stm32f1xx_it.o
    0x080027a2   0x00000080   Code   RO         3902    i.SystemClock_Config  main.o
    0x08002822   0x00000002   PAD
    0x08002824   0x00000048   Code   RO         4094    i.SystemInit        system_stm32f1xx.o
    0x0800286c   0x00000170   Code   RO         3624    i.UART_SetConfig    stm32f1xx_hal_uart.o
    0x080029dc   0x00000068   Code   RO         1083    i.USART1_IRQHandler  app_uart.o
    0x08002a44   0x00000074   Code   RO         1143    i.USART2_IRQHandler  log_uart.o
    0x08002ab8   0x00000002   Code   RO         4023    i.UsageFault_Handler  stm32f1xx_it.o
    0x08002aba   0x00000002   PAD
    0x08002abc   0x000000c6   Code   RO         1544    i._PrintInt         tinyprintf.o
    0x08002b82   0x00000002   PAD
    0x08002b84   0x000000d4   Code   RO         1545    i._PrintUnsigned    tinyprintf.o
    0x08002c58   0x00000048   Code   RO         1546    i._StoreChar        tinyprintf.o
    0x08002ca0   0x00000020   Code   RO         4397    i.__0printf         mc_w.l(printfa.o)
    0x08002cc0   0x00000028   Code   RO         4399    i.__0sprintf        mc_w.l(printfa.o)
    0x08002ce8   0x00000008   Code   RO         4526    i.__aeabi_errno_addr  mc_w.l(errno.o)
    0x08002cf0   0x0000000e   Code   RO         4560    i.__scatterload_copy  mc_w.l(handlers.o)
    0x08002cfe   0x00000002   Code   RO         4561    i.__scatterload_null  mc_w.l(handlers.o)
    0x08002d00   0x0000000e   Code   RO         4562    i.__scatterload_zeroinit  mc_w.l(handlers.o)
    0x08002d0e   0x00000002   PAD
    0x08002d10   0x00000164   Code   RO         4404    i._fp_digits        mc_w.l(printfa.o)
    0x08002e74   0x000006dc   Code   RO         4405    i._printf_core      mc_w.l(printfa.o)
    0x08003550   0x00000024   Code   RO         4406    i._printf_post_padding  mc_w.l(printfa.o)
    0x08003574   0x0000002e   Code   RO         4407    i._printf_pre_padding  mc_w.l(printfa.o)
    0x080035a2   0x0000000a   Code   RO         4409    i._sputc            mc_w.l(printfa.o)
    0x080035ac   0x00000010   Code   RO          275    i.aep_htonf         aepservicecodes.o
    0x080035bc   0x00000010   Code   RO          276    i.aep_htoni         aepservicecodes.o
    0x080035cc   0x00000010   Code   RO          278    i.aep_htons         aepservicecodes.o
    0x080035dc   0x0000006c   Code   RO            4    i.aep_thread_init   app_aep_profile.o
    0x08003648   0x00000012   Code   RO          534    i.app_thread_init   user_main.o
    0x0800365a   0x00000002   PAD
    0x0800365c   0x00000028   Code   RO         1084    i.app_uart_init     app_uart.o
    0x08003684   0x0000002c   Code   RO         1085    i.app_uart_register_fifo  app_uart.o
    0x080036b0   0x00000064   Code   RO         1086    i.app_uart_timout_cb  app_uart.o
    0x08003714   0x00000050   Code   RO          609    i.at_config_recv_msg_indication  bc28_thread.o
    0x08003764   0x0000001c   Code   RO          610    i.at_get_CON_result  bc28_thread.o
    0x08003780   0x00000088   Code   RO          683    i.at_get_URC_result  nb_thread.o
    0x08003808   0x00000030   Code   RO          684    i.at_get_cmd        nb_thread.o
    0x08003838   0x0000002c   Code   RO          685    i.at_get_req_cmd    nb_thread.o
    0x08003864   0x00000088   Code   RO          686    i.at_get_req_result  nb_thread.o
    0x080038ec   0x000000dc   Code   RO          687    i.at_get_rsp        nb_thread.o
    0x080039c8   0x00000160   Code   RO          611    i.at_process_URC    bc28_thread.o
    0x08003b28   0x000000b8   Code   RO          688    i.at_process_rsp    nb_thread.o
    0x08003be0   0x00000024   Code   RO          612    i.at_recv_data      bc28_thread.o
    0x08003c04   0x0000011c   Code   RO          689    i.at_send           nb_thread.o
    0x08003d20   0x00000068   Code   RO          613    i.at_send_data      bc28_thread.o
    0x08003d88   0x0000002c   Code   RO          690    i.at_send_data      nb_thread.o
    0x08003db4   0x00000080   Code   RO          691    i.at_set_rsp        nb_thread.o
    0x08003e34   0x000001ec   Code   RO         1498    i.bsp_cmd_func      flexshelluser.o
    0x08004020   0x0000004c   Code   RO          821    i.bsp_init          bsp.o
    0x0800406c   0x00000038   Code   RO          570    i.bsp_thread_init   bsp_thread.o
    0x080040a4   0x00000026   Code   RO          279    i.clean_signal_down_DecodeCmdDown  aepservicecodes.o
    0x080040ca   0x00000002   Code   RO         1427    i.clr_dis_func      flexshellsys.o
    0x080040cc   0x00000388   Code   RO          283    i.codeDataReportByIdentifierToStr  aepservicecodes.o
    0x08004454   0x00000074   Code   RO          284    i.data_report_CodeDataReport  aepservicecodes.o
    0x080044c8   0x00000274   Code   RO          286    i.decodeCmdDownFromStr  aepservicecodes.o
    0x0800473c   0x00000370   Code   RO            5    i.decode_aep_data   app_aep_profile.o
    0x08004aac   0x00000004   Code   RO          925    i.delay_ms          delay.o
    0x08004ab0   0x0000006c   Code   RO         1373    i.do_shell_cmd      flexshell.o
    0x08004b1c   0x0000003c   Code   RO         1428    i.do_show_help      flexshellsys.o
    0x08004b58   0x00000026   Code   RO          287    i.door_control_1_DecodeCmdDown  aepservicecodes.o
    0x08004b7e   0x00000026   Code   RO          288    i.door_control_2_DecodeCmdDown  aepservicecodes.o
    0x08004ba4   0x00000026   Code   RO          289    i.door_control_3_DecodeCmdDown  aepservicecodes.o
    0x08004bca   0x00000002   PAD
    0x08004bcc   0x0000006c   Code   RO          290    i.error_code_report_CodeEventReport  aepservicecodes.o
    0x08004c38   0x0000016c   Code   RO         1499    i.fifo_func         flexshelluser.o
    0x08004da4   0x0000006a   Code   RO         1895    i.fifo_get          fifo.o
    0x08004e0e   0x0000001e   Code   RO         1897    i.fifo_init         fifo.o
    0x08004e2c   0x0000005e   Code   RO         1898    i.fifo_put          fifo.o
    0x08004e8a   0x0000001e   Code   RO         1255    i.find_use_targe    util.o
    0x08004ea8   0x0000006c   Code   RO          291    i.fire_state_alarm_CodeEventReport  aepservicecodes.o
    0x08004f14   0x00000014   Code   RO         1087    i.fputc             app_uart.o
    0x08004f28   0x00000050   Code   RO         4425    i.free              mc_w.l(malloc.o)
    0x08004f78   0x0000006c   Code   RO          292    i.full_state_alarm_CodeEventReport  aepservicecodes.o
    0x08004fe4   0x00000076   Code   RO          822    i.getStatus         bsp.o
    0x0800505a   0x00000002   PAD
    0x0800505c   0x00000080   Code   RO         1500    i.get_board_infor   flexshelluser.o
    0x080050dc   0x00000010   Code   RO          571    i.get_hum_temp      bsp_thread.o
    0x080050ec   0x00000020   Code   RO         1614    i.get_thread        thread.o
    0x0800510c   0x00000028   Code   RO         1615    i.get_thread_name   thread.o
    0x08005134   0x00000084   Code   RO         1429    i.get_time          flexshellsys.o
    0x080051b8   0x00000070   Code   RO          293    i.humi_signal_up_CodeDataReport  aepservicecodes.o
    0x08005228   0x0000006c   Code   RO          294    i.incline_state_alarm_CodeEventReport  aepservicecodes.o
    0x08005294   0x00000014   Code   RO         1261    i.isLittleEndian    util.o
    0x080052a8   0x00000018   Code   RO          953    i.led_read          led.o
    0x080052c0   0x00000084   Code   RO          954    i.led_write         led.o
    0x08005344   0x00000012   Code   RO         1593    i.log_read          tinylog.o
    0x08005356   0x00000002   PAD
    0x08005358   0x00000060   Code   RO         1144    i.log_uart_Init     log_uart.o
    0x080053b8   0x0000001c   Code   RO         1145    i.log_uart_init     log_uart.o
    0x080053d4   0x0000003c   Code   RO         1146    i.log_uart_read     log_uart.o
    0x08005410   0x00000024   Code   RO         1147    i.log_uart_write    log_uart.o
    0x08005434   0x0000001a   Code   RO         3904    i.main              main.o
    0x0800544e   0x00000002   PAD
    0x08005450   0x0000006c   Code   RO         4426    i.malloc            mc_w.l(malloc.o)
    0x080054bc   0x000000a4   Code   RO         1501    i.manufacturer_at_func  flexshelluser.o
    0x08005560   0x00000074   Code   RO          692    i.module_cmd_table_init  nb_thread.o
    0x080055d4   0x00000040   Code   RO          823    i.module_power_on   bsp.o
    0x08005614   0x0000003c   Code   RO          824    i.module_reset      bsp.o
    0x08005650   0x0000000c   Code   RO          989    i.motor_read        motor.o
    0x0800565c   0x0000004c   Code   RO          990    i.motor_write       motor.o
    0x080056a8   0x00000070   Code   RO         1502    i.nb_module_infor   flexshelluser.o
    0x08005718   0x0000000c   Code   RO          693    i.nb_register_syn_ack  nb_thread.o
    0x08005724   0x000000dc   Code   RO          694    i.nb_send           nb_thread.o
    0x08005800   0x00000010   Code   RO          695    i.nb_syn_process    nb_thread.o
    0x08005810   0x000000c8   Code   RO          696    i.nb_thread_init    nb_thread.o
    0x080058d8   0x000000d0   Code   RO            6    i.nb_timer_cb       app_aep_profile.o
    0x080059a8   0x00000048   Code   RO         1713    i.os_event_create   os_event.o
    0x080059f0   0x00000080   Code   RO         1714    i.os_event_pend_event  os_event.o
    0x08005a70   0x00000090   Code   RO         1715    i.os_event_post_event  os_event.o
    0x08005b00   0x00000048   Code   RO         1716    i.os_event_set_event  os_event.o
    0x08005b48   0x0000006c   Code   RO         1797    i.os_rt_timer_tick  os_soft_timer.o
    0x08005bb4   0x0000000c   Code   RO         1854    i.os_time_get_timetick  os_time.o
    0x08005bc0   0x0000000c   Code   RO         1855    i.os_time_set_timetick  os_time.o
    0x08005bcc   0x00000044   Code   RO         1856    i.os_time_tick_handle  os_time.o
    0x08005c10   0x0000006c   Code   RO          295    i.paper_signal_up_CodeDataReport  aepservicecodes.o
    0x08005c7c   0x00000124   Code   RO          825    i.platform_init     bsp.o
    0x08005da0   0x0000006c   Code   RO          296    i.power_state_alarm_CodeEventReport  aepservicecodes.o
    0x08005e0c   0x000004c4   Code   RO         1027    i.print_all_reg     hts221.o
    0x080062d0   0x00000174   Code   RO          614    i.process_thread_BC28_event_process  bc28_thread.o
    0x08006444   0x00000d18   Code   RO          615    i.process_thread_BC28_init_process  bc28_thread.o
    0x0800715c   0x0000003c   Code   RO         1405    i.process_thread_FlexShell_process  flexshell_port.o
    0x08007198   0x0000035c   Code   RO            7    i.process_thread_app_process  app_aep_profile.o
    0x080074f4   0x000000e4   Code   RO          572    i.process_thread_bsp_process  bsp_thread.o
    0x080075d8   0x000007f8   Code   RO          697    i.process_thread_nb_init_process  nb_thread.o
    0x08007dd0   0x0000007c   Code   RO          698    i.process_thread_nb_recvdata_process  nb_thread.o
    0x08007e4c   0x00000178   Code   RO          699    i.process_thread_nb_rsp_process  nb_thread.o
    0x08007fc4   0x000000ac   Code   RO         1798    i.process_thread_thread_timer_process  os_soft_timer.o
    0x08008070   0x000002a8   Code   RO         1430    i.ps_func           flexshellsys.o
    0x08008318   0x00000014   Code   RO          826    i.read_IR_value     bsp.o
    0x0800832c   0x00000028   Code   RO          827    i.read_key_value    bsp.o
    0x08008354   0x00000028   Code   RO          700    i.release_req       nb_thread.o
    0x0800837c   0x00000094   Code   RO         1431    i.restart_func      flexshellsys.o
    0x08008410   0x00000094   Code   RO         1432    i.resume_func       flexshellsys.o
    0x080084a4   0x00000074   Code   RO            8    i.send_data_asy_callback  app_aep_profile.o
    0x08008518   0x00000124   Code   RO            9    i.send_data_syn_callback  app_aep_profile.o
    0x0800863c   0x000000c0   Code   RO           10    i.send_hygi_data    app_aep_profile.o
    0x080086fc   0x000000bc   Code   RO           11    i.send_msg          app_aep_profile.o
    0x080087b8   0x0000005c   Code   RO           12    i.send_paper_data   app_aep_profile.o
    0x08008814   0x00000060   Code   RO           13    i.send_sensor_data  app_aep_profile.o
    0x08008874   0x0000005c   Code   RO           14    i.send_temp_data    app_aep_profile.o
    0x080088d0   0x00000020   Code   RO          701    i.send_timer_cb     nb_thread.o
    0x080088f0   0x0000008c   Code   RO           15    i.send_toilet1_data  app_aep_profile.o
    0x0800897c   0x00000090   Code   RO           16    i.send_toilet2_data  app_aep_profile.o
    0x08008a0c   0x0000008c   Code   RO           17    i.send_toilet3_data  app_aep_profile.o
    0x08008a98   0x00000038   Code   RO          828    i.setStatus         bsp.o
    0x08008ad0   0x0000002e   Code   RO          297    i.set_fire_threshold_DecodeCmdDown  aepservicecodes.o
    0x08008afe   0x00000002   PAD
    0x08008b00   0x00000088   Code   RO          298    i.set_fire_threshold_resp_CodeCmdResponse  aepservicecodes.o
    0x08008b88   0x0000002e   Code   RO          299    i.set_full_threshold_DecodeCmdDown  aepservicecodes.o
    0x08008bb6   0x00000002   PAD
    0x08008bb8   0x00000088   Code   RO          300    i.set_full_threshold_resp_CodeCmdResponse  aepservicecodes.o
    0x08008c40   0x0000002e   Code   RO          301    i.set_power_threshold_DecodeCmdDown  aepservicecodes.o
    0x08008c6e   0x00000002   PAD
    0x08008c70   0x00000088   Code   RO          302    i.set_power_threshold_resp_CodeCmdResponse  aepservicecodes.o
    0x08008cf8   0x0000002e   Code   RO          303    i.set_tilt_threshold_DecodeCmdDown  aepservicecodes.o
    0x08008d26   0x00000002   PAD
    0x08008d28   0x00000088   Code   RO          304    i.set_tilt_threshold_resp_CodeCmdResponse  aepservicecodes.o
    0x08008db0   0x00000080   Code   RO         1433    i.set_timestamp     flexshellsys.o
    0x08008e30   0x00000094   Code   RO         1266    i.shell_split       util.o
    0x08008ec4   0x000000c4   Code   RO          305    i.signal_report_CodeDataReport  aepservicecodes.o
    0x08008f88   0x00000078   Code   RO         1799    i.soft_timer_init   os_soft_timer.o
    0x08009000   0x0000011c   Code   RO         1800    i.soft_timer_register  os_soft_timer.o
    0x0800911c   0x00000038   Code   RO         1801    i.soft_timer_start  os_soft_timer.o
    0x08009154   0x00000010   Code   RO         1802    i.soft_timer_stop   os_soft_timer.o
    0x08009164   0x00000074   Code   RO         1434    i.suspend_func      flexshellsys.o
    0x080091d8   0x00000004   Code   RO         1435    i.sys_reset         flexshellsys.o
    0x080091dc   0x0000005e   Code   RO         1267    i.t_strtok          util.o
    0x0800923a   0x00000002   PAD
    0x0800923c   0x00000070   Code   RO          306    i.temp_signal_up_CodeDataReport  aepservicecodes.o
    0x080092ac   0x0000006c   Code   RO          307    i.test_motion_CodeEventReport  aepservicecodes.o
    0x08009318   0x000000b4   Code   RO         1616    i.thread_os_delete  thread.o
    0x080093cc   0x000000a4   Code   RO         1685    i.thread_os_init    os_core.o
    0x08009470   0x00000074   Code   RO         1617    i.thread_os_register  thread.o
    0x080094e4   0x00000090   Code   RO         1618    i.thread_os_restart  thread.o
    0x08009574   0x00000094   Code   RO         1619    i.thread_os_resume  thread.o
    0x08009608   0x000000d0   Code   RO         1686    i.thread_os_start   os_core.o
    0x080096d8   0x000000e4   Code   RO         1621    i.thread_os_suspend  thread.o
    0x080097bc   0x00000024   Code   RO         1880    i.thread_os_tick    os_port.o
    0x080097e0   0x0000003c   Code   RO         1804    i.thread_timer_tick  os_soft_timer.o
    0x0800981c   0x00000068   Code   RO          308    i.toilet_hygiene_signal_up_CodeDataReport  aepservicecodes.o
    0x08009884   0x0000006c   Code   RO          309    i.toilet_signal_up_1_CodeDataReport  aepservicecodes.o
    0x080098f0   0x0000006c   Code   RO          310    i.toilet_signal_up_2_CodeDataReport  aepservicecodes.o
    0x0800995c   0x0000006c   Code   RO          311    i.toilet_signal_up_3_CodeDataReport  aepservicecodes.o
    0x080099c8   0x00000016   Code   RO         1547    i.ty_printf         tinyprintf.o
    0x080099de   0x00000002   PAD
    0x080099e0   0x0000000c   Code   RO         1548    i.ty_printf_init    tinyprintf.o
    0x080099ec   0x0000019c   Code   RO         1549    i.ty_vprintf        tinyprintf.o
    0x08009b88   0x00000060   Code   RO         1088    i.uart_Init         app_uart.o
    0x08009be8   0x0000001a   Code   RO          535    i.user_main         user_main.o
    0x08009c02   0x00000026   Code   RO          312    i.water_control_down_DecodeCmdDown  aepservicecodes.o
    0x08009c28   0x00000010   Data   RO         1550    .constdata          tinyprintf.o
    0x08009c38   0x00000010   Data   RO         4095    .constdata          system_stm32f1xx.o
    0x08009c48   0x00000008   Data   RO         4096    .constdata          system_stm32f1xx.o
    0x08009c50   0x0000000c   Data   RO         4144    .constdata          mc_w.l(localtime.o)
    0x08009c5c   0x00000039   Data   RO         4148    .constdata          mc_w.l(asctime.o)
    0x08009c95   0x00000081   Data   RO         4497    .constdata          mc_w.l(ctype_o.o)
    0x08009d16   0x00000002   PAD
    0x08009d18   0x00000004   Data   RO         4498    .constdata          mc_w.l(ctype_o.o)
    0x08009d1c   0x0000000b   Data   RO           19    .conststring        app_aep_profile.o
    0x08009d27   0x00000001   PAD
    0x08009d28   0x0000000b   Data   RO          573    .conststring        bsp_thread.o
    0x08009d33   0x00000001   PAD
    0x08009d34   0x00000026   Data   RO          617    .conststring        bc28_thread.o
    0x08009d5a   0x00000002   PAD
    0x08009d5c   0x00000137   Data   RO          618    .conststring        bc28_thread.o
    0x08009e93   0x00000001   PAD
    0x08009e94   0x00000033   Data   RO          705    .conststring        nb_thread.o
    0x08009ec7   0x00000001   PAD
    0x08009ec8   0x00000048   Data   RO         1090    .conststring        app_uart.o
    0x08009f10   0x00000011   Data   RO         1406    .conststring        flexshell_port.o
    0x08009f21   0x00000003   PAD
    0x08009f24   0x00000107   Data   RO         1436    .conststring        flexshellsys.o
    0x0800a02b   0x00000001   PAD
    0x0800a02c   0x0000007c   Data   RO         1504    .conststring        flexshelluser.o
    0x0800a0a8   0x00000049   Data   RO         1622    .conststring        thread.o
    0x0800a0f1   0x00000003   PAD
    0x0800a0f4   0x0000000f   Data   RO         1806    .conststring        os_soft_timer.o
    0x0800a103   0x00000001   PAD
    0x0800a104   0x000001bf   Data   RO         1437    .conststrlit        flexshellsys.o
    0x0800a2c3   0x00000001   PAD
    0x0800a2c4   0x00000174   Data   RO         1505    .conststrlit        flexshelluser.o
    0x0800a438   0x00000020   Data   RO         4558    Region$$Table       anon$$obj.o


    Execution Region RW_IRAM1 (Base: 0x20000000, Size: 0x00001dc0, Max: 0x00005000, ABSOLUTE, COMPRESSED[0x00000208])

    Base Addr    Size         Type   Attr      Idx    E Section Name        Object

    0x20000000   0x00000030   Data   RW           20    .data               app_aep_profile.o
    0x20000030   0x00000004   Data   RW          313    .data               aepservicecodes.o
    0x20000034   0x0000002c   Data   RW          574    .data               bsp_thread.o
    0x20000060   0x00000044   Data   RW          619    .data               bc28_thread.o
    0x200000a4   0x000004d0   Data   RW          620    .data               bc28_thread.o
    0x20000574   0x00000098   Data   RW          706    .data               nb_thread.o
    0x2000060c   0x00000002   Data   RW          955    .data               led.o
    0x2000060e   0x00000001   Data   RW          991    .data               motor.o
    0x2000060f   0x00000001   PAD
    0x20000610   0x00000018   Data   RW         1028    .data               hts221.o
    0x20000628   0x0000000c   Data   RW         1091    .data               app_uart.o
    0x20000634   0x00000001   Data   RW         1149    .data               log_uart.o
    0x20000635   0x00000001   Data   RW         1270    .data               util.o
    0x20000636   0x00000002   PAD
    0x20000638   0x00000008   Data   RW         1375    .data               flexshell.o
    0x20000640   0x00000020   Data   RW         1407    .data               flexshell_port.o
    0x20000660   0x00000004   Data   RW         1551    .data               tinyprintf.o
    0x20000664   0x00000008   Data   RW         1623    .data               thread.o
    0x2000066c   0x0000000c   Data   RW         1687    .data               os_core.o
    0x20000678   0x00000020   Data   RW         1807    .data               os_soft_timer.o
    0x20000698   0x00000004   Data   RW         1857    .data               os_time.o
    0x2000069c   0x0000000c   Data   RW         3437    .data               stm32f1xx_hal.o
    0x200006a8   0x00000004   Data   RW         4097    .data               system_stm32f1xx.o
    0x200006ac   0x00000004   Data   RW         4491    .data               mc_w.l(stdout.o)
    0x200006b0   0x00000004   Data   RW         4524    .data               mc_w.l(mvars.o)
    0x200006b4   0x00000004   Data   RW         4525    .data               mc_w.l(mvars.o)
    0x200006b8   0x00000004   Data   RW         4529    .data               mc_w.l(errno.o)
    0x200006bc   0x000000a0   Data   RW         1438    FlexShellSection    flexshellsys.o
    0x2000075c   0x00000080   Data   RW         1506    FlexShellSection    flexshelluser.o
    0x200007dc   0x0000000c   Zero   RW           18    .bss                app_aep_profile.o
    0x200007e8   0x00000028   Zero   RW          616    .bss                bc28_thread.o
    0x20000810   0x00000890   Zero   RW          702    .bss                nb_thread.o
    0x200010a0   0x00000014   Zero   RW          703    .bss                nb_thread.o
    0x200010b4   0x00000019   Zero   RW          704    .bss                nb_thread.o
    0x200010cd   0x00000003   PAD
    0x200010d0   0x00000150   Zero   RW         1089    .bss                app_uart.o
    0x20001220   0x000000c4   Zero   RW         1148    .bss                log_uart.o
    0x200012e4   0x00000200   Zero   RW         1374    .bss                flexshell.o
    0x200014e4   0x00000034   Zero   RW         1503    .bss                flexshelluser.o
    0x20001518   0x0000020c   Zero   RW         1805    .bss                os_soft_timer.o
    0x20001724   0x00000054   Zero   RW         3905    .bss                main.o
    0x20001778   0x0000002c   Zero   RW         4143    .bss                mc_w.l(localtime.o)
    0x200017a4   0x0000001a   Zero   RW         4147    .bss                mc_w.l(asctime.o)
    0x200017be   0x00000002   PAD
    0x200017c0   0x00000200   Zero   RW         4129    HEAP                startup_stm32f103xb.o
    0x200019c0   0x00000400   Zero   RW         4128    STACK               startup_stm32f103xb.o


==============================================================================

Image component sizes


      Code (inc. data)   RO Data    RW Data    ZI Data      Debug   Object Name

      4348        648          0          4          0      32278   aepservicecodes.o
      3548       1164         11         48         12     448863   app_aep_profile.o
       404         70         72         12        336       5136   app_uart.o
      4452        686        349       1300         40      13237   bc28_thread.o
       830        318          0          0          0       8121   bsp.o
       300         74         11         44          0       2485   bsp_thread.o
         4          0          0          0          0        463   delay.o
       230          0          0          0          0       2874   fifo.o
       224         82          0          8        512       3784   flexshell.o
        88          8         17         32          0       1974   flexshell_port.o
      1418        772        710        160          0       8281   flexshellsys.o
      1260        488        496        128         52       5334   flexshelluser.o
      2282        618          0         24          0       6696   hts221.o
       156         14          0          2          0       1655   led.o
       336         44          0          1        196       3696   log_uart.o
       434         26          0          0         84       3432   main.o
        88         14          0          1          0       1739   motor.o
      4400        736         51        152       2237      19164   nb_thread.o
       372        220          0         12          0       1734   os_core.o
       416        186          0          0          0       3315   os_event.o
        36          6          0          0          0        553   os_port.o
        66          0          0          0          0       2169   os_sem.o
       816         86         15         32        524       5812   os_soft_timer.o
        92         22          0          4          0       1844   os_time.o
        36          8        236          0       1536        780   startup_stm32f103xb.o
       164         28          0         12          0       4001   stm32f1xx_hal.o
       264         24          0          0          0      28204   stm32f1xx_hal_cortex.o
       464         36          0          0          0       3599   stm32f1xx_hal_gpio.o
      2106         46          0          0          0      12890   stm32f1xx_hal_i2c.o
       372         42          0          0          0       2407   stm32f1xx_hal_msp.o
      1296        104          0          0          0       5804   stm32f1xx_hal_rcc.o
       236         12          0          0          0       1432   stm32f1xx_hal_rcc_ex.o
       368          4          0          0          0       1297   stm32f1xx_hal_uart.o
        38          0          0          0          0       4158   stm32f1xx_it.o
        72         16         24          4          0       1263   system_stm32f1xx.o
       888        464         73          8          0       8529   thread.o
        18          0          0          0          0        635   tinylog.o
       928         22         16          4          0       6725   tinyprintf.o
        44          0          0          0          0        966   user_main.o
       292          6          0          1          0       4117   util.o

    ----------------------------------------------------------------------
     34224       7094       2128       1996       5532     671446   Object Totals
         0          0         32          0          0          0   (incl. Generated)
        38          0         15          3          3          0   (incl. Padding)

    ----------------------------------------------------------------------

      Code (inc. data)   RO Data    RW Data    ZI Data      Debug   Library Member Name

        86          0          0          0          0          0   __dczerorl2.o
        28          0          0          0          0         68   _chval.o
       158          0          0          0          0         92   _strtoul.o
       188         16         57          0         26         88   asctime.o
        26          0          0          0          0         80   atoi.o
        26          0          0          0          0         80   atol.o
        14          0          0          0          0         80   ctime.o
         8          4        133          0          0         68   ctype_o.o
         0          0          0          0          0          0   entry.o
         0          0          0          0          0          0   entry10a.o
         0          0          0          0          0          0   entry11a.o
         8          4          0          0          0          0   entry2.o
         4          0          0          0          0          0   entry5.o
         0          0          0          0          0          0   entry7b.o
         0          0          0          0          0          0   entry8b.o
         8          4          0          0          0          0   entry9a.o
         8          4          0          4          0         68   errno.o
        30          0          0          0          0          0   handlers.o
        36          8          0          0          0         68   init.o
         0          0          0          0          0          0   iusefp.o
        30          0          0          0          0         68   llshl.o
        36          0          0          0          0         68   llsshr.o
        32          0          0          0          0         68   llushr.o
       148         10         12          0         44         76   localtime.o
       188         20          0          0          0        160   malloc.o
        36          0          0          0          0         68   memcpya.o
        36          0          0          0          0        108   memseta.o
         0          0          0          8          0          0   mvars.o
      2276         96          0          0          0        596   printfa.o
         0          0          0          4          0          0   stdout.o
        28          0          0          0          0         76   strcmp.o
        14          0          0          0          0         68   strlen.o
        36          0          0          0          0         80   strstr.o
       112          0          0          0          0         88   strtol.o
        12          0          0          0          0         68   toupper.o
        44          0          0          0          0         80   uidiv.o
        98          0          0          0          0         92   uldiv.o
        48          0          0          0          0         68   cdrcmple.o
       334          0          0          0          0        148   dadd.o
       222          0          0          0          0        100   ddiv.o
       186          0          0          0          0        176   depilogue.o
        48          0          0          0          0         68   dfixul.o
       228          0          0          0          0         96   dmul.o
        38          0          0          0          0         68   f2d.o
       176          0          0          0          0        140   fadd.o
       124          0          0          0          0         88   fdiv.o
       110          0          0          0          0        168   fepilogue.o
        50          0          0          0          0         68   ffixi.o
        40          0          0          0          0         68   ffixui.o
        18          0          0          0          0         68   fflti.o
        10          0          0          0          0         68   ffltui.o
       100          0          0          0          0         76   fmul.o
        24          0          0          0          0         68   fscalb.o

    ----------------------------------------------------------------------
      5516        166        204         16         72       3992   Library Totals
         6          0          2          0          2          0   (incl. Padding)

    ----------------------------------------------------------------------

      Code (inc. data)   RO Data    RW Data    ZI Data      Debug   Library Name

      3754        166        202         16         70       2456   mc_w.l
      1756          0          0          0          0       1536   mf_w.l

    ----------------------------------------------------------------------
      5516        166        204         16         72       3992   Library Totals

    ----------------------------------------------------------------------

==============================================================================


      Code (inc. data)   RO Data    RW Data    ZI Data      Debug   

     39740       7260       2332       2012       5604     661422   Grand Totals
     39740       7260       2332        520       5604     661422   ELF Image Totals (compressed)
     39740       7260       2332        520          0          0   ROM Totals

==============================================================================

    Total RO  Size (Code + RO Data)                42072 (  41.09kB)
    Total RW  Size (RW Data + ZI Data)              7616 (   7.44kB)
    Total ROM Size (Code + RO Data + RW Data)      42592 (  41.59kB)

==============================================================================

