<html>
<body>
<pre>
<h1>礦ision Build Log</h1>
<h2>Tool Versions:</h2>
IDE-Version: μVision V5.18.0.0
Copyright (C) 2016 ARM Ltd and ARM Germany GmbH. All rights reserved.
License Information: I I, Tongji, LIC=EXJUH-W5FMY-BSEYX-HR0Y6-2JWCT-BA63Y
 
Tool Versions:
Toolchain:       MDK-ARM Standard  Version: 5.18
Toolchain Path:  D:\Keil5\ARM\ARMCC\Bin
C Compiler:      Armcc.exe V5.06 update 1 (build 61)
Assembler:       Armasm.exe V5.06 update 1 (build 61)
Linker/Locator:  ArmLink.exe V5.06 update 1 (build 61)
Library Manager: ArmAr.exe V5.06 update 1 (build 61)
Hex Converter:   FromElf.exe V5.06 update 1 (build 61)
CPU DLL:         SARMCM3.DLL V5.18
Dialog DLL:      DCM.DLL V1.13.6.0
Target DLL:      STLink\ST-LINKIII-KEIL_SWO.dll V2.0.18.0
Dialog DLL:      TCM.DLL V1.14.8.0
 
<h2>Project:</h2>
E:\学校事务\物联网大赛\电信资料\project_code\skit_ctnb_st\ctnb\MDK-ARM\ctnb.uvprojx
Project File Date:  07/23/2020

<h2>Output:</h2>
*** Using Compiler 'V5.06 update 1 (build 61)', folder: 'D:\Keil5\ARM\ARMCC\Bin'
Build target 'ctnb'
compiling app_aep_profile.c...
..\user\AepServicecodes.h(158): warning:  #9-D: nested comment is not allowed
  ///////////////////////////////////////////////////////////////////*/
..\user\app_aep_profile.c(170): warning:  #550-D: variable "ret" was set but never used
  	int8_t ret;
..\user\app_aep_profile.c(195): warning:  #550-D: variable "ret" was set but never used
  	int8_t ret;
..\user\app_aep_profile.c(219): warning:  #550-D: variable "ret" was set but never used
  	int8_t ret;
..\user\app_aep_profile.c(267): warning:  #550-D: variable "ret" was set but never used
  	int8_t ret;
..\user\app_aep_profile.c(302): warning:  #223-D: function "PA0_input" declared implicitly
  	if(PA0_input()==GPIO_PIN_SET)
..\user\app_aep_profile.c(307): warning:  #223-D: function "PA0_input" declared implicitly
  	if(state1!=PA0_input())
..\user\app_aep_profile.c(309): warning:  #188-D: enumerated type mixed with another type
  		state1=PA0_input();
..\user\app_aep_profile.c(294): warning:  #550-D: variable "ret" was set but never used
  	int8_t ret;
..\user\app_aep_profile.c(335): warning:  #223-D: function "PB5_input" declared implicitly
  	if(PB5_input()==GPIO_PIN_SET)
..\user\app_aep_profile.c(340): warning:  #223-D: function "PB5_input" declared implicitly
  	if(state1!=PB5_input())
..\user\app_aep_profile.c(343): warning:  #188-D: enumerated type mixed with another type
  		state1=PB5_input();
..\user\app_aep_profile.c(327): warning:  #550-D: variable "ret" was set but never used
  	int8_t ret;
..\user\app_aep_profile.c(369): warning:  #223-D: function "PB9_input" declared implicitly
  	if(PB9_input()==GPIO_PIN_SET)
..\user\app_aep_profile.c(374): warning:  #223-D: function "PB9_input" declared implicitly
  	if(state1!=PB9_input())
..\user\app_aep_profile.c(376): warning:  #188-D: enumerated type mixed with another type
  		state1=PB9_input();
..\user\app_aep_profile.c(361): warning:  #550-D: variable "ret" was set but never used
  	int8_t ret;
..\user\app_aep_profile.c(515): warning:  #223-D: function "PA1_output_value_HIGH" declared implicitly
  			  PA1_output_value_HIGH();
..\user\app_aep_profile.c(518): warning:  #223-D: function "PA1_output_value_LOW" declared implicitly
  			  PA1_output_value_LOW();
..\user\app_aep_profile.c(507): warning:  #177-D: variable "rsp" was declared but never referenced
  			AepString rsp;
..\user\app_aep_profile.c(524): warning:  #177-D: variable "rsp" was declared but never referenced
  			AepString rsp;
..\user\app_aep_profile.c(546): warning:  #223-D: function "PB8_output_value_HIGH" declared implicitly
  			  PB8_output_value_HIGH();
..\user\app_aep_profile.c(549): warning:  #223-D: function "PB8_output_value_LOW" declared implicitly
  			  PB8_output_value_LOW();
..\user\app_aep_profile.c(538): warning:  #177-D: variable "rsp" was declared but never referenced
  			AepString rsp;
..\user\app_aep_profile.c(577): warning:  #177-D: variable "ret" was declared but never referenced
  	int8_t ret;
..\user\app_aep_profile.c: 25 warnings, 0 errors
linking...
Program Size: Code=39740 RO-data=2332 RW-data=2012 ZI-data=5604  
".\out\ctnb.axf" - 0 Error(s), 25 Warning(s).

<h2>Software Packages used:</h2>

Package Vendor: ARM
                http://www.keil.com/pack/ARM.CMSIS.4.5.0.pack
                ARM::CMSIS:CORE:4.3.0
                CMSIS (Cortex Microcontroller Software Interface Standard)
   * Component: CORE Version: 4.3.0

<h2>Collection of Component include folders:</h2>
  E:\学校事务\物联网大赛\电信资料\project_code\skit_ctnb_st\ctnb\MDK-ARM\RTE
  D:\Keil5\ARM\PACK\ARM\CMSIS\4.5.0\CMSIS\Include
  D:\Keil5\ARM\PACK\Keil\STM32F1xx_DFP\1.0.5\Device\Include

<h2>Collection of Component Files used:</h2>

   * Component: ARM::CMSIS:CORE:4.3.0
Build Time Elapsed:  00:00:10
</pre>
</body>
</html>
