<html>
<body>
<pre>
<h1>礦ision Build Log</h1>
<h2>Tool Versions:</h2>
IDE-Version: μVision V5.18.0.0
Copyright (C) 2016 ARM Ltd and ARM Germany GmbH. All rights reserved.
License Information: I I, Tongji, LIC=EXJUH-W5FMY-BSEYX-HR0Y6-2JWCT-BA63Y
 
Tool Versions:
Toolchain:       MDK-ARM Standard  Version: 5.18
Toolchain Path:  D:\Keil5\ARM\ARMCC\Bin
C Compiler:      Armcc.exe V5.06 update 1 (build 61)
Assembler:       Armasm.exe V5.06 update 1 (build 61)
Linker/Locator:  ArmLink.exe V5.06 update 1 (build 61)
Library Manager: ArmAr.exe V5.06 update 1 (build 61)
Hex Converter:   FromElf.exe V5.06 update 1 (build 61)
CPU DLL:         SARMCM3.DLL V5.18
Dialog DLL:      DCM.DLL V1.13.6.0
Target DLL:      STLink\ST-LINKIII-KEIL_SWO.dll V2.0.18.0
Dialog DLL:      TCM.DLL V1.14.8.0
 
<h2>Project:</h2>
E:\学校事务\物联网大赛\电信资料\project_code\control\USER\PWM.uvprojx
Project File Date:  06/05/2020

<h2>Output:</h2>
*** Using Compiler 'V5.06 update 1 (build 61)', folder: 'D:\Keil5\ARM\ARMCC\Bin'
Build target 'Target 1'
compiling main.c...
main.c(106): warning:  #188-D: enumerated type mixed with another type
      HAL_GPIO_WritePin(
PIOB,
PIO_PIN_10,1);
main.c(51): warning:  #177-D: variable "pwmval" was declared but never referenced
  	u16 pwmval=215;   
main.c(53): warning:  #177-D: variable "dir" was declared but never referenced
  	int dir=1;
main.c(67): warning:  #177-D: variable "cnt" was declared but never referenced
  	int cnt=1;
main.c: 4 warnings, 0 errors
linking...
Program Size: Code=7300 RO-data=292 RW-data=20 ZI-data=1988  
FromELF: creating hex file...
"..\OBJ\PWM.axf" - 0 Error(s), 4 Warning(s).

<h2>Collection of Component include folders:</h2>
  E:\学校事务\物联网大赛\电信资料\project_code\control\USER\RTE
  D:\Keil5\ARM\PACK\Keil\STM32F1xx_DFP\1.0.5\Device\Include

<h2>Collection of Component Files used:</h2>
Build Time Elapsed:  00:00:02
</pre>
</body>
</html>
